Component: ARM Compiler 5.06 update 7 (build 960) Tool: armlink [4d3601]

==============================================================================

Section Cross References

    main.o(i.app_GetVersion) refers to _printf_percent.o(.ARM.Collect$$_printf_percent$$00000000) for _printf_percent
    main.o(i.app_GetVersion) refers to _printf_x.o(.ARM.Collect$$_printf_percent$$0000000C) for _printf_x
    main.o(i.app_GetVersion) refers to _printf_s.o(.ARM.Collect$$_printf_percent$$00000014) for _printf_s
    main.o(i.app_GetVersion) refers to _printf_hex_int_ll_ptr.o(.text) for _printf_longlong_hex
    main.o(i.app_GetVersion) refers to _printf_str.o(.text) for _printf_str
    main.o(i.app_GetVersion) refers to usr_flash.o(i.SPI_Flash_ReadID) for SPI_Flash_ReadID
    main.o(i.app_GetVersion) refers to usr_gsm.o(i.modem_GetCcid) for modem_GetCcid
    main.o(i.app_GetVersion) refers to usr_gsm.o(i.modem_GetImei) for modem_GetImei
    main.o(i.app_GetVersion) refers to __2sprintf.o(.text) for __2sprintf
    main.o(i.app_PrintVersion) refers to usr_sys.o(i.sys_get_debugSwitch) for sys_get_debugSwitch
    main.o(i.app_PrintVersion) refers to queue.o(i.xQueueGenericReceive) for xQueueGenericReceive
    main.o(i.app_PrintVersion) refers to usr_printf_stdarg.o(i.PRINTF) for PRINTF
    main.o(i.app_PrintVersion) refers to queue.o(i.xQueueGenericSend) for xQueueGenericSend
    main.o(i.app_PrintVersion) refers to usr_app.o(.data) for xLogMutex
    main.o(i.bsp_init) refers to bsp_nvic.o(i.nvic_init) for nvic_init
    main.o(i.bsp_init) refers to usr_dev.o(i.queue_init) for queue_init
    main.o(i.bsp_init) refers to usr_gpio.o(i.gpioInit) for gpioInit
    main.o(i.bsp_init) refers to bsp_dwt.o(i.DWT_Init) for DWT_Init
    main.o(i.bsp_init) refers to usr_public.o(i.log_Init) for log_Init
    main.o(i.bsp_init) refers to bsp_spi.o(i.spi_flash_init) for spi_flash_init
    main.o(i.bsp_init) refers to bsp_adc.o(i.adc_init) for adc_init
    main.o(i.bsp_init) refers to bsp_timer.o(i.timer1_init) for timer1_init
    main.o(i.bsp_init) refers to bsp_iwdg.o(i.iwdg_init) for iwdg_init
    main.o(i.bsp_init) refers to usr_sys.o(i.sys_Init) for sys_Init
    main.o(i.bsp_init) refers to usr_dev.o(i.dev_Init) for dev_Init
    main.o(i.bsp_init) refers to usr_gps.o(i.gps_Init) for gps_Init
    main.o(i.bsp_init) refers to usr_sys.o(.data) for g_flag
    main.o(i.main) refers to gd32f4xx_misc.o(i.nvic_vector_table_set) for nvic_vector_table_set
    main.o(i.main) refers to gd32f4xx_misc.o(i.nvic_priority_group_set) for nvic_priority_group_set
    main.o(i.main) refers to usr_app.o(i.vMainTaskQueueCreat) for vMainTaskQueueCreat
    main.o(i.main) refers to usr_gsm.o(i.vGsmTaskQueueCreat) for vGsmTaskQueueCreat
    main.o(i.main) refers to usr_gps.o(i.vGpsTaskQueueCreat) for vGpsTaskQueueCreat
    main.o(i.main) refers to usr_dev.o(i.vDevTaskQueueCreat) for vDevTaskQueueCreat
    main.o(i.main) refers to queue.o(i.xQueueCreateMutex) for xQueueCreateMutex
    main.o(i.main) refers to queue.o(i.xQueueGenericCreate) for xQueueGenericCreate
    main.o(i.main) refers to tasks.o(i.xTaskGenericCreate) for xTaskGenericCreate
    main.o(i.main) refers to tasks.o(i.vTaskStartScheduler) for vTaskStartScheduler
    main.o(i.main) refers to usr_app.o(.data) for xFlashMutex
    main.o(i.main) refers to usr_app.o(i.vMainTask) for vMainTask
    main.o(i.main) refers to usr_gsm.o(i.vGsmTask) for vGsmTask
    main.o(i.main) refers to usr_gps.o(i.vGpsTask) for vGpsTask
    main.o(i.main) refers to usr_dev.o(i.vDevTask) for vDevTask
    usr_app.o(i.OS_GetMessage) refers to queue.o(i.xQueueGenericReceive) for xQueueGenericReceive
    usr_app.o(i.OS_SendMessage) refers to queue.o(i.xQueueGenericSend) for xQueueGenericSend
    usr_app.o(i.OS_SendMessageFromISR) refers to queue.o(i.xQueueGenericSendFromISR) for xQueueGenericSendFromISR
    usr_app.o(i.OS_TaskDelayMs) refers to tasks.o(i.xTaskGetTickCount) for xTaskGetTickCount
    usr_app.o(i.OS_TaskDelayMs) refers to tasks.o(i.vTaskDelayUntil) for vTaskDelayUntil
    usr_app.o(i.OS_TaskDelayUs) refers to tasks.o(i.xTaskGetTickCount) for xTaskGetTickCount
    usr_app.o(i.OS_TaskDelayUs) refers to tasks.o(i.vTaskDelayUntil) for vTaskDelayUntil
    usr_app.o(i.OS_Timer_ISR) refers to queue.o(i.xQueueGenericSendFromISR) for xQueueGenericSendFromISR
    usr_app.o(i.OS_Timer_ISR) refers to usr_timer.o(.bss) for g_Timer
    usr_app.o(i.OS_Timer_Start) refers to usr_timer.o(.bss) for g_Timer
    usr_app.o(i.OS_Timer_Stop) refers to usr_timer.o(.bss) for g_Timer
    usr_app.o(i.vMainTask) refers to main.o(i.bsp_init) for bsp_init
    usr_app.o(i.vMainTask) refers to main.o(i.app_PrintVersion) for app_PrintVersion
    usr_app.o(i.vMainTask) refers to usr_app.o(i.OS_Timer_Start) for OS_Timer_Start
    usr_app.o(i.vMainTask) refers to usr_sys.o(i.sys_get_debugSwitch) for sys_get_debugSwitch
    usr_app.o(i.vMainTask) refers to queue.o(i.xQueueGenericReceive) for xQueueGenericReceive
[...]
    0x08012f6c   0x08012f6c   0x00000058   Code   RO         2610    i.handset_cmd_canbaud  usr_handset.o
    0x08012fc4   0x08012fc4   0x00000010   Code   RO         2611    i.handset_cmd_debugmode  usr_handset.o
    0x08012fd4   0x08012fd4   0x00000058   Code   RO         2612    i.handset_cmd_id    usr_handset.o
    0x0801302c   0x0801302c   0x00000070   Code   RO         2613    i.handset_cmd_interval  usr_handset.o
    0x0801309c   0x0801309c   0x0000005c   Code   RO         2614    i.handset_cmd_ip1   usr_handset.o
    0x080130f8   0x080130f8   0x0000005c   Code   RO         2615    i.handset_cmd_ip2   usr_handset.o
    0x08013154   0x08013154   0x00000060   Code   RO         2616    i.handset_cmd_ip2keepalive  usr_handset.o
    0x080131b4   0x080131b4   0x00000064   Code   RO         2617    i.handset_cmd_mileage  usr_handset.o
    0x08013218   0x08013218   0x000000a8   Code   RO         2618    i.handset_cmd_other  usr_handset.o
    0x080132c0   0x080132c0   0x00000048   Code   RO         2619    i.handset_cmd_password  usr_handset.o
    0x08013308   0x08013308   0x00000094   Code   RO         2620    i.handset_cmd_phone  usr_handset.o
    0x0801339c   0x0801339c   0x00000034   Code   RO         2621    i.handset_cmd_reboot  usr_handset.o
    0x080133d0   0x080133d0   0x00000038   Code   RO         2623    i.handset_cmd_reset  usr_handset.o
    0x08013408   0x08013408   0x00000024   Code   RO         2624    i.handset_cmd_showparam  usr_handset.o
    0x0801342c   0x0801342c   0x00000010   Code   RO         2625    i.handset_cmd_showrun  usr_handset.o
    0x0801343c   0x0801343c   0x0000005c   Code   RO         2626    i.handset_cmd_sn    usr_handset.o
    0x08013498   0x08013498   0x0000006c   Code   RO         2627    i.handset_cmd_testmode  usr_handset.o
    0x08013504   0x08013504   0x000000f0   Code   RO         2629    i.handset_cmd_upgrade  usr_handset.o
    0x080135f4   0x080135f4   0x00000010   Code   RO         2630    i.handset_cmd_version  usr_handset.o
    0x08013604   0x08013604   0x0000005c   Code   RO         2631    i.handset_cmd_vin   usr_handset.o
    0x08013660   0x08013660   0x00000050   Code   RO         2634    i.handset_heap_command  usr_handset.o
    0x080136b0   0x080136b0   0x00000064   Code   RO         2635    i.handset_ota_waiting  usr_handset.o
    0x08013714   0x08013714   0x0000004c   Code   RO         2636    i.handset_restore_command  usr_handset.o
    0x08013760   0x08013760   0x0000003c   Code   RO         6467    i.int_to_unicode    usbd_enum.o
    0x0801379c   0x0801379c   0x000000b4   Code   RO         1003    i.ipv_ack           usr_comip.o
    0x08013850   0x08013850   0x00000088   Code   RO         1005    i.ipv_cal_timing_ack  usr_comip.o
    0x080138d8   0x080138d8   0x000000a4   Code   RO         1006    i.ipv_latlon_to_double  usr_comip.o
    0x0801397c   0x0801397c   0x00000104   Code   RO         1007    i.ipv_login_msg     usr_comip.o
    0x08013a80   0x08013a80   0x00000198   Code   RO         1008    i.ipv_recv_Handle   usr_comip.o
    0x08013c18   0x08013c18   0x00000060   Code   RO         1009    i.ipv_request_time_msg  usr_comip.o
    0x08013c78   0x08013c78   0x0000003c   Code   RO         1010    i.ipv_send_location_msg2  usr_comip.o
    0x08013cb4   0x08013cb4   0x00000178   Code   RO         1011    i.ipv_send_param_msg  usr_comip.o
    0x08013e2c   0x08013e2c   0x0000007c   Code   RO         1012    i.ipv_send_txt_ack  usr_comip.o
    0x08013ea8   0x08013ea8   0x00000096   Code   RO         1013    i.ipv_serialize_general  usr_comip.o
    0x08013f3e   0x08013f3e   0x00000002   PAD
    0x08013f40   0x08013f40   0x00000204   Code   RO         1014    i.ipv_serialize_location  usr_comip.o
    0x08014144   0x08014144   0x00000178   Code   RO         1015    i.ipv_serialize_pid  usr_comip.o
    0x080142bc   0x080142bc   0x0000000c   Code   RO         1016    i.ipv_serialnum_noinit  usr_comip.o
    0x080142c8   0x080142c8   0x000000f4   Code   RO         1017    i.ipv_splice_seg    usr_comip.o
    0x080143bc   0x080143bc   0x0000006c   Code   RO         1018    i.ipvagps_Recv_Handle  usr_comip.o
    0x08014428   0x08014428   0x0000004c   Code   RO         3306    i.is_ip_address     usr_public.o
    0x08014474   0x08014474   0x00000032   Code   RO         3579    i.is_leap_year      usr_rtc.o
    0x080144a6   0x080144a6   0x00000012   Code   RO         4181    i.isspace           usr_stdlib.o
    0x080144b8   0x080144b8   0x00000008   Code   RO         5765    i.iwdg_feed         bsp_iwdg.o
    0x080144c0   0x080144c0   0x00000028   Code   RO         5766    i.iwdg_init         bsp_iwdg.o
    0x080144e8   0x080144e8   0x00000008   Code   RO         3308    i.log_Init          usr_public.o
    0x080144f0   0x080144f0   0x00000114   Code   RO            6    i.main              main.o
    0x08014604   0x08014604   0x00000034   Code   RO         4183    i.memcmp_t          usr_stdlib.o
    0x08014638   0x08014638   0x00000022   Code   RO         4184    i.memcpy_t          usr_stdlib.o
    0x0801465a   0x0801465a   0x0000001c   Code   RO         4186    i.memset_t          usr_stdlib.o
    0x08014676   0x08014676   0x00000002   PAD
    0x08014678   0x08014678   0x00000014   Code   RO         1916    i.modem_AckModemInit  usr_gsm.o
    0x0801468c   0x0801468c   0x00000030   Code   RO         1917    i.modem_AnwserPhone  usr_gsm.o
    0x080146bc   0x080146bc   0x0000006c   Code   RO         1918    i.modem_CallPhone   usr_gsm.o
    0x08014728   0x08014728   0x00000160   Code   RO         1919    i.modem_CcidCheck   usr_gsm.o
    0x08014888   0x08014888   0x000000dc   Code   RO         1921    i.modem_CgregCheck  usr_gsm.o
    0x08014964   0x08014964   0x00000054   Code   RO         1922    i.modem_CheckInOut  usr_gsm.o
    0x080149b8   0x080149b8   0x000002c8   Code   RO         1923    i.modem_ClccCheck   usr_gsm.o
    0x08014c80   0x08014c80   0x0000000c   Code   RO         1924    i.modem_ClearAtErrCnt  usr_gsm.o
    0x08014c8c   0x08014c8c   0x0000000c   Code   RO         1925    i.modem_ClearCallState  usr_gsm.o
    0x08014c98   0x08014c98   0x00000014   Code   RO         1926    i.modem_ClearCops   usr_gsm.o
    0x08014cac   0x08014cac   0x000000e8   Code   RO         1927    i.modem_CopsCheck   usr_gsm.o
    0x08014d94   0x08014d94   0x00000084   Code   RO         1928    i.modem_CpsiCheck   usr_gsm.o
    0x08014e18   0x08014e18   0x00000078   Code   RO         1929    i.modem_CsqCheck    usr_gsm.o
    0x08014e90   0x08014e90   0x00000008   Code   RO         1931    i.modem_GetAckModemInfo  usr_gsm.o
    0x08014e98   0x08014e98   0x0000000c   Code   RO         1932    i.modem_GetCallState  usr_gsm.o
    0x08014ea4   0x08014ea4   0x00000008   Code   RO         1934    i.modem_GetCcid     usr_gsm.o
    0x08014eac   0x08014eac   0x0000000c   Code   RO         1936    i.modem_GetCgreg    usr_gsm.o
    0x08014eb8   0x08014eb8   0x00000008   Code   RO         1937    i.modem_GetCops     usr_gsm.o
    0x08014ec0   0x08014ec0   0x0000000c   Code   RO         1939    i.modem_GetCsq      usr_gsm.o
    0x08014ecc   0x08014ecc   0x00000008   Code   RO         1940    i.modem_GetImei     usr_gsm.o
    0x08014ed4   0x08014ed4   0x0000000c   Code   RO         1944    i.modem_GetState    usr_gsm.o
    0x08014ee0   0x08014ee0   0x00000018   Code   RO         1945    i.modem_HandUpClear  usr_gsm.o
    0x08014ef8   0x08014ef8   0x00000020   Code   RO         1946    i.modem_HangPhone   usr_gsm.o
    0x08014f18   0x08014f18   0x000001e0   Code   RO         1947    i.modem_ImeiCheck   usr_gsm.o
    0x080150f8   0x080150f8   0x0000003c   Code   RO         1948    i.modem_NoiseCtl    usr_gsm.o
    0x08015134   0x08015134   0x00000088   Code   RO         1949    i.modem_QinistatCheck  usr_gsm.o
    0x080151bc   0x080151bc   0x0000000c   Code   RO         1951    i.modem_SetAckModem  usr_gsm.o
    0x080151c8   0x080151c8   0x0000000c   Code   RO         1954    i.modem_SetCallState  usr_gsm.o
    0x080151d4   0x080151d4   0x0000002c   Code   RO         1955    i.modem_SetCallinNo  usr_gsm.o
    0x08015200   0x08015200   0x00000060   Code   RO         1956    i.modem_SetCcid     usr_gsm.o
    0x08015260   0x08015260   0x0000000c   Code   RO         1958    i.modem_SetCgreg    usr_gsm.o
    0x0801526c   0x0801526c   0x00000038   Code   RO         1959    i.modem_SetCops     usr_gsm.o
    0x080152a4   0x080152a4   0x0000000c   Code   RO         1960    i.modem_SetCsq      usr_gsm.o
    0x080152b0   0x080152b0   0x00000038   Code   RO         1961    i.modem_SetImei     usr_gsm.o
    0x080152e8   0x080152e8   0x00000002   Code   RO         1965    i.modem_SetSpk      usr_gsm.o
    0x080152ea   0x080152ea   0x00000002   PAD
    0x080152ec   0x080152ec   0x0000000c   Code   RO         1966    i.modem_SetState    usr_gsm.o
    0x080152f8   0x080152f8   0x00000006   Code   RO         1967    i.modem_Set_Mic     usr_gsm.o
    0x080152fe   0x080152fe   0x00000002   PAD
    0x08015300   0x08015300   0x00000044   Code   RO         1968    i.modem_Set_Volume  usr_gsm.o
    0x08015344   0x08015344   0x00000058   Code   RO         1969    i.modem_UrcportCheck  usr_gsm.o
    0x0801539c   0x0801539c   0x000000f0   Code   RO         1970    i.modem_VersionCheck  usr_gsm.o
    0x0801548c   0x0801548c   0x00000010   Code   RO         1972    i.modem_clearAtBuf  usr_gsm.o
    0x0801549c   0x0801549c   0x00000010   Code   RO         1973    i.modem_clearModBuf  usr_gsm.o
    0x080154ac   0x080154ac   0x00000064   Code   RO         1974    i.modem_clear_flagCnt  usr_gsm.o
    0x08015510   0x08015510   0x00000028   Code   RO         1019    i.modem_disconnect_ip2  usr_comip.o
    0x08015538   0x08015538   0x00000058   Code   RO         1975    i.modem_general_check  usr_gsm.o
    0x08015590   0x08015590   0x0000000c   Code   RO         1976    i.modem_getAtBuf    usr_gsm.o
    0x0801559c   0x0801559c   0x00000010   Code   RO         1977    i.modem_getAtBufLen  usr_gsm.o
    0x080155ac   0x080155ac   0x00000018   Code   RO         1980    i.modem_getModStr   usr_gsm.o
    0x080155c4   0x080155c4   0x000000b8   Code   RO         1981    i.modem_gsm_Login   usr_gsm.o
    0x0801567c   0x0801567c   0x000000bc   Code   RO         1020    i.modem_gsm_Login2  usr_comip.o
    0x08015738   0x08015738   0x000000e8   Code   RO         1982    i.modem_gsm_center  usr_gsm.o
    0x08015820   0x08015820   0x0000004c   Code   RO         1021    i.modem_gsm_center2  usr_comip.o
    0x0801586c   0x0801586c   0x0000016c   Code   RO         1983    i.modem_gsm_cgreg   usr_gsm.o
    0x080159d8   0x080159d8   0x000000a4   Code   RO         1984    i.modem_gsm_checkppp  usr_gsm.o
    0x08015a7c   0x08015a7c   0x00000044   Code   RO         1022    i.modem_gsm_close_ip2  usr_comip.o
    0x08015ac0   0x08015ac0   0x000000a8   Code   RO         1985    i.modem_gsm_disconnect  usr_gsm.o
    0x08015b68   0x08015b68   0x00000064   Code   RO         1986    i.modem_gsm_disconnect_ip1  usr_gsm.o
    0x08015bcc   0x08015bcc   0x00000044   Code   RO         1023    i.modem_gsm_disconnect_ip2  usr_comip.o
    0x08015c10   0x08015c10   0x000000cc   Code   RO         1987    i.modem_gsm_init    usr_gsm.o
    0x08015cdc   0x08015cdc   0x00000340   Code   RO         1988    i.modem_gsm_ip      usr_gsm.o
    0x0801601c   0x0801601c   0x00000034   Code   RO         1989    i.modem_gsm_ip1_errcheck  usr_gsm.o
    0x08016050   0x08016050   0x00000034   Code   RO         1024    i.modem_gsm_ip2_errcheck  usr_comip.o
    0x08016084   0x08016084   0x00000174   Code   RO         1025    i.modem_gsm_ipvip   usr_comip.o
    0x080161f8   0x080161f8   0x00000018   Code   RO         1990    i.modem_gsm_logout  usr_gsm.o
    0x08016210   0x08016210   0x000002b4   Code   RO         1991    i.modem_gsm_ppp     usr_gsm.o
    0x080164c4   0x080164c4   0x00000054   Code   RO         1992    i.modem_gsm_reconnect_ip1  usr_gsm.o
    0x08016518   0x08016518   0x00000054   Code   RO         1026    i.modem_gsm_reconnect_ip2  usr_comip.o
    0x0801656c   0x0801656c   0x00000060   Code   RO         1993    i.modem_init        usr_gsm.o
    0x080165cc   0x080165cc   0x000000ec   Code   RO         1994    i.modem_paramJudge  usr_gsm.o
    0x080166b8   0x080166b8   0x0000000a   Code   RO         1995    i.modem_powerOn     usr_gsm.o
    0x080166c2   0x080166c2   0x00000002   PAD
    0x080166c4   0x080166c4   0x0000005c   Code   RO         1996    i.modem_queue_send  usr_gsm.o
    0x08016720   0x08016720   0x00000090   Code   RO         1027    i.modem_reconnect_ip2  usr_comip.o
    0x080167b0   0x080167b0   0x00000048   Code   RO         1997    i.modem_recv        usr_gsm.o
    0x080167f8   0x080167f8   0x000000c4   Code   RO         1998    i.modem_recv_proc   usr_gsm.o
    0x080168bc   0x080168bc   0x00000044   Code   RO         1999    i.modem_reset       usr_gsm.o
    0x08016900   0x08016900   0x000002f4   Code   RO         2000    i.modem_response    usr_gsm.o
    0x08016bf4   0x08016bf4   0x00000108   Code   RO         2001    i.modem_seek_AtAck  usr_gsm.o
    0x08016cfc   0x08016cfc   0x0000002c   Code   RO         2002    i.modem_sendAT_init  usr_gsm.o
    0x08016d28   0x08016d28   0x0000002c   Code   RO         2003    i.modem_sendChar    usr_gsm.o
    0x08016d54   0x08016d54   0x00000030   Code   RO         2004    i.modem_sendStr     usr_gsm.o
    0x08016d84   0x08016d84   0x00000016   Code   RO         2005    i.modem_send_AtStr  usr_gsm.o
    0x08016d9a   0x08016d9a   0x00000002   PAD
    0x08016d9c   0x08016d9c   0x0000008c   Code   RO         2006    i.modem_send_Atcmd  usr_gsm.o
    0x08016e28   0x08016e28   0x000001a8   Code   RO         2007    i.modem_send_disconnect  usr_gsm.o
    0x08016fd0   0x08016fd0   0x00000350   Code   RO         2008    i.modem_send_gprsData  usr_gsm.o
    0x08017320   0x08017320   0x0000015c   Code   RO         1028    i.modem_send_gprsData2  usr_comip.o
    0x0801747c   0x0801747c   0x00000028   Code   RO         1029    i.modem_send_ip2    usr_comip.o
    0x080174a4   0x080174a4   0x0000000c   Code   RO         2009    i.modem_uartInit    usr_gsm.o
    0x080174b0   0x080174b0   0x00000078   Code   RO         2010    i.modem_urc_cipopen  usr_gsm.o
    0x08017528   0x08017528   0x000000c8   Code   RO         2011    i.modem_urc_clip    usr_gsm.o
    0x080175f0   0x080175f0   0x00000034   Code   RO         2012    i.modem_urc_cmti    usr_gsm.o
    0x08017624   0x08017624   0x00000038   Code   RO         2014    i.modem_urc_ipclose  usr_gsm.o
    0x0801765c   0x0801765c   0x0000010c   Code   RO         2015    i.modem_urc_ipd     usr_gsm.o
    0x08017768   0x08017768   0x00000048   Code   RO         2016    i.modem_urc_netopen  usr_gsm.o
    0x080177b0   0x080177b0   0x00000078   Code   RO         2017    i.modem_urc_qiopen  usr_gsm.o
    0x08017828   0x08017828   0x00000278   Code   RO         2018    i.modem_urc_qiurc   usr_gsm.o
    0x08017aa0   0x08017aa0   0x0000009c   Code   RO         3310    i.myatof            usr_public.o
    0x08017b3c   0x08017b3c   0x0000002c   Code   RO         3311    i.myatoi            usr_public.o
    0x08017b68   0x08017b68   0x00000060   Code   RO         3313    i.mystrncmp         usr_public.o
    0x08017bc8   0x08017bc8   0x00000072   Code   RO         5791    i.nvic_init         bsp_nvic.o
    0x08017c3a   0x08017c3a   0x00000002   PAD
    0x08017c3c   0x08017c3c   0x000000c4   Code   RO         8547    i.nvic_irq_enable   GD32F4.lib(gd32f4xx_misc.o)
    0x08017d00   0x08017d00   0x00000014   Code   RO         8548    i.nvic_priority_group_set  GD32F4.lib(gd32f4xx_misc.o)
    0x08017d14   0x08017d14   0x00000014   Code   RO         8549    i.nvic_vector_table_set  GD32F4.lib(gd32f4xx_misc.o)
    0x08017d28   0x08017d28   0x00000020   Code   RO          639    i.oa_JT_CheckAckInfo  usr_aw.o
    0x08017d48   0x08017d48   0x00000388   Code   RO          640    i.oa_JT_check_login  usr_aw.o
    0x080180d0   0x080180d0   0x000000a6   Code   RO          641    i.oa_JT_create_TLV_AWExt  usr_aw.o
    0x08018176   0x08018176   0x00000056   Code   RO          643    i.oa_JT_create_append_Ext  usr_aw.o
    0x080181cc   0x080181cc   0x00000046   Code   RO          644    i.oa_JT_create_general_ack  usr_aw.o
    0x08018212   0x08018212   0x00000002   PAD
    0x08018214   0x08018214   0x00000068   Code   RO          645    i.oa_JT_create_login_msg  usr_aw.o
    0x0801827c   0x0801827c   0x00000028   Code   RO          646    i.oa_JT_create_logout_msg  usr_aw.o
    0x080182a4   0x080182a4   0x000000d0   Code   RO          647    i.oa_JT_create_register_msg  usr_aw.o
    0x08018374   0x08018374   0x00000114   Code   RO          648    i.oa_JT_deal_msg    usr_aw.o
    0x08018488   0x08018488   0x00000134   Code   RO          649    i.oa_JT_general_msg  usr_aw.o
    0x080185bc   0x080185bc   0x0000002e   Code   RO          650    i.oa_JT_locate      usr_aw.o
    0x080185ea   0x080185ea   0x00000002   PAD
    0x080185ec   0x080185ec   0x00000084   Code   RO          651    i.oa_JT_query_filter_msg  usr_aw.o
    0x08018670   0x08018670   0x00000404   Code   RO          652    i.oa_JT_serialize_gps  usr_aw.o
    0x08018a74   0x08018a74   0x000002fc   Code   RO          653    i.oa_JT_serialize_gpsrfid  usr_aw.o
    0x08018d70   0x08018d70   0x00000014   Code   RO          654    i.oa_change_UpSel   usr_aw.o
    0x08018d84   0x08018d84   0x0000001c   Code   RO          655    i.oa_get_TLV        usr_aw.o
    0x08018da0   0x08018da0   0x0000001c   Code   RO          656    i.oa_get_ext_TLV    usr_aw.o
    0x08018dbc   0x08018dbc   0x00000110   Code   RO          657    i.oa_recv_Handle    usr_aw.o
    0x08018ecc   0x08018ecc   0x00000076   Code   RO          658    i.oa_serialize_location_history  usr_aw.o
    0x08018f42   0x08018f42   0x00000002   PAD
    0x08018f44   0x08018f44   0x00000178   Code   RO          659    i.oa_trac_recv_msg_handle  usr_aw.o
    0x080190bc   0x080190bc   0x00000094   Code   RO          660    i.oa_trac_rev_expend_aw_msg  usr_aw.o
    0x08019150   0x08019150   0x00000064   Code   RO          661    i.oa_trac_rev_expend_aw_version  usr_aw.o
    0x080191b4   0x080191b4   0x00000044   Code   RO          662    i.oa_trac_rev_general_ack_deal  usr_aw.o
    0x080191f8   0x080191f8   0x00000026   Code   RO          663    i.oa_trac_rev_general_aw_msg  usr_aw.o
    0x0801921e   0x0801921e   0x00000002   PAD
    0x08019220   0x08019220   0x0000005c   Code   RO          664    i.oa_trac_rev_monitor  usr_aw.o
    0x0801927c   0x0801927c   0x00000434   Code   RO          665    i.oa_trac_rev_para_check  usr_aw.o
    0x080196b0   0x080196b0   0x000001aa   Code   RO          667    i.oa_trac_rev_para_set  usr_aw.o
    0x0801985a   0x0801985a   0x00000002   PAD
    0x0801985c   0x0801985c   0x00000078   Code   RO          668    i.oa_trac_rev_para_set_addr  usr_aw.o
    0x080198d4   0x080198d4   0x00000086   Code   RO          669    i.oa_trac_rev_para_set_alarm  usr_aw.o
    0x0801995a   0x0801995a   0x00000002   PAD
    0x0801995c   0x0801995c   0x0000006c   Code   RO          670    i.oa_trac_rev_para_set_apn  usr_aw.o
    0x080199c8   0x080199c8   0x00000024   Code   RO          671    i.oa_trac_rev_para_set_carColor  usr_aw.o
    0x080199ec   0x080199ec   0x00000044   Code   RO          672    i.oa_trac_rev_para_set_carID  usr_aw.o
    0x08019a30   0x08019a30   0x00000038   Code   RO          673    i.oa_trac_rev_para_set_carLicence  usr_aw.o
    0x08019a68   0x08019a68   0x00000028   Code   RO          674    i.oa_trac_rev_para_set_carMillage  usr_aw.o
    0x08019a90   0x08019a90   0x00000012   Code   RO          675    i.oa_trac_rev_para_set_keepalive  usr_aw.o
    0x08019aa2   0x08019aa2   0x00000030   Code   RO          676    i.oa_trac_rev_para_set_move_radius  usr_aw.o
    0x08019ad2   0x08019ad2   0x00000026   Code   RO          677    i.oa_trac_rev_para_set_phoneLim  usr_aw.o
    0x08019af8   0x08019af8   0x0000004c   Code   RO          678    i.oa_trac_rev_para_set_phoneLinsten  usr_aw.o
    0x08019b44   0x08019b44   0x00000054   Code   RO          679    i.oa_trac_rev_para_set_port  usr_aw.o
    0x08019b98   0x08019b98   0x00000030   Code   RO          680    i.oa_trac_rev_para_set_redeem  usr_aw.o
    0x08019bc8   0x08019bc8   0x00000032   Code   RO          681    i.oa_trac_rev_para_set_report_watch  usr_aw.o
    0x08019bfa   0x08019bfa   0x00000036   Code   RO          682    i.oa_trac_rev_para_set_sleep_time  usr_aw.o
    0x08019c30   0x08019c30   0x0000004a   Code   RO          683    i.oa_trac_rev_para_set_watInt  usr_aw.o
    0x08019c7a   0x08019c7a   0x00000002   PAD
    0x08019c7c   0x08019c7c   0x000000d8   Code   RO          684    i.oa_trac_rev_post_scheduling  usr_aw.o
    0x08019d54   0x08019d54   0x0000006c   Code   RO          685    i.oa_trac_rev_rollCall  usr_aw.o
    0x08019dc0   0x08019dc0   0x00000138   Code   RO          686    i.oa_trac_rev_ter_check  usr_aw.o
    0x08019ef8   0x08019ef8   0x0000010c   Code   RO          687    i.oa_trac_rev_terminal_ctrl  usr_aw.o
    0x0801a004   0x0801a004   0x0000010c   Code   RO          688    i.oa_trac_rev_update_init  usr_aw.o
    0x0801a110   0x0801a110   0x0000006c   Code   RO          690    i.oa_trac_send_msg_to_platform  usr_aw.o
    0x0801a17c   0x0801a17c   0x00000090   Code   RO         3315    i.parse_lat_or_lon_to_double  usr_public.o
    0x0801a20c   0x0801a20c   0x00000064   Code   RO          508    i.pc_cmd_acc        usr_atv.o
    0x0801a270   0x0801a270   0x00000058   Code   RO          509    i.pc_cmd_cgreg      usr_atv.o
    0x0801a2c8   0x0801a2c8   0x000000e4   Code   RO          510    i.pc_cmd_config     usr_atv.o
    0x0801a3ac   0x0801a3ac   0x00000064   Code   RO          511    i.pc_cmd_csq        usr_atv.o
    0x0801a410   0x0801a410   0x00000078   Code   RO          512    i.pc_cmd_flash      usr_atv.o
    0x0801a488   0x0801a488   0x0000004c   Code   RO          513    i.pc_cmd_gps        usr_atv.o
    0x0801a4d4   0x0801a4d4   0x00000074   Code   RO          514    i.pc_cmd_iccid      usr_atv.o
    0x0801a548   0x0801a548   0x00000074   Code   RO          515    i.pc_cmd_imei       usr_atv.o
    0x0801a5bc   0x0801a5bc   0x00000048   Code   RO          516    i.pc_cmd_log        usr_atv.o
    0x0801a604   0x0801a604   0x00000024   Code   RO          517    i.pc_cmd_power      usr_atv.o
    0x0801a628   0x0801a628   0x00000244   Code   RO          518    i.pc_cmd_server     usr_atv.o
    0x0801a86c   0x0801a86c   0x00000058   Code   RO          519    i.pc_cmd_sim        usr_atv.o
    0x0801a8c4   0x0801a8c4   0x000000c8   Code   RO          520    i.pc_cmd_sn         usr_atv.o
    0x0801a98c   0x0801a98c   0x0000005c   Code   RO          521    i.pc_cmd_stat       usr_atv.o
    0x0801a9e8   0x0801a9e8   0x00000088   Code   RO          522    i.pc_cmd_swver      usr_atv.o
    0x0801aa70   0x0801aa70   0x00000054   Code   RO          523    i.pc_cmd_tcp        usr_atv.o
    0x0801aac4   0x0801aac4   0x000000bc   Code   RO          524    i.pc_cmd_vin        usr_atv.o
    0x0801ab80   0x0801ab80   0x000000c4   Code   RO         8617    i.pmu_to_deepsleepmode  GD32F4.lib(gd32f4xx_pmu.o)
    0x0801ac44   0x0801ac44   0x00000014   Code   RO         3316    i.pow_my            usr_public.o
    0x0801ac58   0x0801ac58   0x00000010   Code   RO         5874    i.print1            bsp_uart.o
    0x0801ac68   0x0801ac68   0x00000010   Code   RO         5875    i.print2            bsp_uart.o
    0x0801ac78   0x0801ac78   0x00000030   Code   RO         3317    i.printx            usr_public.o
    0x0801aca8   0x0801aca8   0x00000054   Code   RO         6986    i.prvAddCurrentTaskToDelayedList  tasks.o
    0x0801acfc   0x0801acfc   0x00000042   Code   RO         6987    i.prvAllocateTCBAndStack  tasks.o
    0x0801ad3e   0x0801ad3e   0x00000002   PAD
    0x0801ad40   0x0801ad40   0x00000064   Code   RO         6988    i.prvCheckTasksWaitingTermination  tasks.o
    0x0801ada4   0x0801ada4   0x0000002a   Code   RO         6865    i.prvCopyDataFromQueue  queue.o
    0x0801adce   0x0801adce   0x00000080   Code   RO         6866    i.prvCopyDataToQueue  queue.o
    0x0801ae4e   0x0801ae4e   0x00000012   Code   RO         6989    i.prvDeleteTCB      tasks.o
    0x0801ae60   0x0801ae60   0x0000007c   Code   RO         7292    i.prvHeapInit       heap_4.o
    0x0801aedc   0x0801aedc   0x0000002c   Code   RO         6990    i.prvIdleTask       tasks.o
    0x0801af08   0x0801af08   0x00000062   Code   RO         6991    i.prvInitialiseTCBVariables  tasks.o
    0x0801af6a   0x0801af6a   0x00000002   PAD
    0x0801af6c   0x0801af6c   0x00000068   Code   RO         6992    i.prvInitialiseTaskLists  tasks.o
    0x0801afd4   0x0801afd4   0x00000068   Code   RO         7293    i.prvInsertBlockIntoFreeList  heap_4.o
    0x0801b03c   0x0801b03c   0x0000001a   Code   RO         6867    i.prvIsQueueEmpty   queue.o
    0x0801b056   0x0801b056   0x0000001e   Code   RO         6868    i.prvIsQueueFull    queue.o
    0x0801b074   0x0801b074   0x00000034   Code   RO         6993    i.prvResetNextTaskUnblockTime  tasks.o
    0x0801b0a8   0x0801b0a8   0x00000016   Code   RO         6994    i.prvTaskCheckFreeStackSpace  tasks.o
    0x0801b0be   0x0801b0be   0x00000016   Code   RO         7343    i.prvTaskExitError  port.o
    0x0801b0d4   0x0801b0d4   0x0000007e   Code   RO         6869    i.prvUnlockQueue    queue.o
    0x0801b152   0x0801b152   0x00000002   PAD
    0x0801b154   0x0801b154   0x000000dc   Code   RO         7294    i.pvPortMalloc      heap_4.o
    0x0801b230   0x0801b230   0x00000020   Code   RO         6996    i.pvTaskIncrementMutexHeldCount  tasks.o
    0x0801b250   0x0801b250   0x00000028   Code   RO         7344    i.pxPortInitialiseStack  port.o
    0x0801b278   0x0801b278   0x000000a0   Code   RO         1187    i.queue_init        usr_dev.o
    0x0801b318   0x0801b318   0x00000014   Code   RO         8738    i.rcu_all_reset_flag_clear  GD32F4.lib(gd32f4xx_rcu.o)
    0x0801b32c   0x0801b32c   0x00000018   Code   RO         8743    i.rcu_ck48m_clock_config  GD32F4.lib(gd32f4xx_rcu.o)
    0x0801b344   0x0801b344   0x00000124   Code   RO         8746    i.rcu_clock_freq_get  GD32F4.lib(gd32f4xx_rcu.o)
    0x0801b468   0x0801b468   0x00000024   Code   RO         8749    i.rcu_flag_get      GD32F4.lib(gd32f4xx_rcu.o)
    0x0801b48c   0x0801b48c   0x00000024   Code   RO         8762    i.rcu_osci_on       GD32F4.lib(gd32f4xx_rcu.o)
    0x0801b4b0   0x0801b4b0   0x0000015c   Code   RO         8763    i.rcu_osci_stab_wait  GD32F4.lib(gd32f4xx_rcu.o)
    0x0801b60c   0x0801b60c   0x00000024   Code   RO         8765    i.rcu_periph_clock_enable  GD32F4.lib(gd32f4xx_rcu.o)
    0x0801b630   0x0801b630   0x00000024   Code   RO         8768    i.rcu_periph_reset_disable  GD32F4.lib(gd32f4xx_rcu.o)
    0x0801b654   0x0801b654   0x00000024   Code   RO         8769    i.rcu_periph_reset_enable  GD32F4.lib(gd32f4xx_rcu.o)
    0x0801b678   0x0801b678   0x00000018   Code   RO         8770    i.rcu_pll48m_clock_config  GD32F4.lib(gd32f4xx_rcu.o)
    0x0801b690   0x0801b690   0x00000048   Code   RO         8773    i.rcu_pllsai_config  GD32F4.lib(gd32f4xx_rcu.o)
    0x0801b6d8   0x0801b6d8   0x00000024   Code   RO         8781    i.rcu_timer_clock_prescaler_config  GD32F4.lib(gd32f4xx_rcu.o)
    0x0801b6fc   0x0801b6fc   0x00000058   Code   RO         3318    i.rtc_check_time    usr_public.o
    0x0801b754   0x0801b754   0x00000010   Code   RO         9048    i.rtc_flag_clear    GD32F4.lib(gd32f4xx_rtc.o)
    0x0801b764   0x0801b764   0x00000014   Code   RO         9049    i.rtc_flag_get      GD32F4.lib(gd32f4xx_rtc.o)
    0x0801b778   0x0801b778   0x00000034   Code   RO         1689    i.rtt_isleap        usr_gps.o
    0x0801b7ac   0x0801b7ac   0x000001cc   Code   RO         1690    i.rtt_localtime     usr_gps.o
    0x0801b978   0x0801b978   0x000000b0   Code   RO         1691    i.rtt_mktime        usr_gps.o
    0x0801ba28   0x0801ba28   0x0000000c   Code   RO         5880    i.sendchar2         bsp_uart.o
    0x0801ba34   0x0801ba34   0x00000020   Code   RO         5521    i.sendcharusb       usr_usb.o
    0x0801ba54   0x0801ba54   0x0000004c   Code   RO         6468    i.serial_string_get  usbd_enum.o
    0x0801baa0   0x0801baa0   0x0000000c   Code   RO         3633    i.serialoil_Init    usr_serialoil.o
    0x0801baac   0x0801baac   0x00000020   Code   RO         3635    i.serialoil_PowerOn  usr_serialoil.o
    0x0801bacc   0x0801bacc   0x00000028   Code   RO         3636    i.serialoil_UartInit  usr_serialoil.o
    0x0801baf4   0x0801baf4   0x000000be   Code   RO         3646    i.serialoil_enable_urtfun  usr_serialoil.o
    0x0801bbb2   0x0801bbb2   0x000000dc   Code   RO         3649    i.serialoil_get_percent  usr_serialoil.o
    0x0801bc8e   0x0801bc8e   0x00000002   PAD
    0x0801bc90   0x0801bc90   0x00000020   Code   RO         3650    i.serialoil_get_percent_cr  usr_serialoil.o
    0x0801bcb0   0x0801bcb0   0x00000020   Code   RO         3651    i.serialoil_get_percent_jt  usr_serialoil.o
    0x0801bcd0   0x0801bcd0   0x00000020   Code   RO         3652    i.serialoil_get_percent_xd  usr_serialoil.o
    0x0801bcf0   0x0801bcf0   0x00000070   Code   RO         3653    i.serialoil_get_type  usr_serialoil.o
    0x0801bd60   0x0801bd60   0x00000046   Code   RO         3654    i.serialoil_handle  usr_serialoil.o
    0x0801bda6   0x0801bda6   0x00000002   PAD
    0x0801bda8   0x0801bda8   0x00000434   Code   RO         3655    i.serialoil_handle_cr  usr_serialoil.o
    0x0801c1dc   0x0801c1dc   0x0000074c   Code   RO         3656    i.serialoil_handle_jt  usr_serialoil.o
    0x0801c928   0x0801c928   0x00000140   Code   RO         3657    i.serialoil_handle_xd  usr_serialoil.o
    0x0801ca68   0x0801ca68   0x00000020   Code   RO         3658    i.serialoil_noinit_clear  usr_serialoil.o
    0x0801ca88   0x0801ca88   0x00000024   Code   RO         3961    i.sms_CheckHaveAutor  usr_sms.o
    0x0801caac   0x0801caac   0x000001c4   Code   RO         3962    i.sms_CheckSms      usr_sms.o
    0x0801cc70   0x0801cc70   0x00000020   Code   RO         3963    i.sms_DelAllSms     usr_sms.o
    0x0801cc90   0x0801cc90   0x00000040   Code   RO         3964    i.sms_Delete        usr_sms.o
    0x0801ccd0   0x0801ccd0   0x00000278   Code   RO         3965    i.sms_LongMsgSend   usr_sms.o
    0x0801cf48   0x0801cf48   0x00000350   Code   RO         3966    i.sms_MsgHandle     usr_sms.o
    0x0801d298   0x0801d298   0x000001f4   Code   RO         3967    i.sms_MsgSend       usr_sms.o
    0x0801d48c   0x0801d48c   0x00000044   Code   RO         3968    i.sms_ReadSms       usr_sms.o
    0x0801d4d0   0x0801d4d0   0x000001b4   Code   RO         3969    i.sms_RecvSms       usr_sms.o
    0x0801d684   0x0801d684   0x000000a8   Code   RO         3971    i.sms_SendAtCmd     usr_sms.o
    0x0801d72c   0x0801d72c   0x000000d0   Code   RO         3973    i.sms_cmd_fly       usr_sms.o
    0x0801d7fc   0x0801d7fc   0x00000038   Code   RO         3974    i.sms_get_phone     usr_sms.o
    0x0801d834   0x0801d834   0x0000001c   Code   RO         3975    i.sms_noinit_clear  usr_sms.o
    0x0801d850   0x0801d850   0x0000000a   Code   RO         9321    i.spi_enable        GD32F4.lib(gd32f4xx_spi.o)
    0x0801d85a   0x0801d85a   0x00000002   PAD
    0x0801d85c   0x0801d85c   0x00000090   Code   RO         5811    i.spi_flash_init    bsp_spi.o
    0x0801d8ec   0x0801d8ec   0x00000058   Code   RO         5812    i.spi_flash_sendbyte  bsp_spi.o
    0x0801d944   0x0801d944   0x00000008   Code   RO         9323    i.spi_i2s_data_receive  GD32F4.lib(gd32f4xx_spi.o)
    0x0801d94c   0x0801d94c   0x00000004   Code   RO         9324    i.spi_i2s_data_transmit  GD32F4.lib(gd32f4xx_spi.o)
    0x0801d950   0x0801d950   0x00000010   Code   RO         9326    i.spi_i2s_flag_get  GD32F4.lib(gd32f4xx_spi.o)
    0x0801d960   0x0801d960   0x00000032   Code   RO         9330    i.spi_init          GD32F4.lib(gd32f4xx_spi.o)
    0x0801d992   0x0801d992   0x0000006e   Code   RO        10503    i.sqrt              m_wm.l(sqrt.o)
    0x0801da00   0x0801da00   0x00000042   Code   RO         3976    i.strReverse        usr_sms.o
    0x0801da42   0x0801da42   0x00000052   Code   RO         3977    i.strReverseF       usr_sms.o
    0x0801da94   0x0801da94   0x0000002a   Code   RO         4188    i.strcat_t          usr_stdlib.o
    0x0801dabe   0x0801dabe   0x00000022   Code   RO         4189    i.strchr_t          usr_stdlib.o
    0x0801dae0   0x0801dae0   0x00000020   Code   RO         4191    i.strcpy_t          usr_stdlib.o
    0x0801db00   0x0801db00   0x0000001e   Code   RO         4193    i.strlen_t          usr_stdlib.o
    0x0801db1e   0x0801db1e   0x0000004c   Code   RO         4194    i.strncasecmp_t     usr_stdlib.o
    0x0801db6a   0x0801db6a   0x0000003a   Code   RO         4196    i.strncmp_t         usr_stdlib.o
    0x0801dba4   0x0801dba4   0x0000002c   Code   RO         4197    i.strncpy_t         usr_stdlib.o
    0x0801dbd0   0x0801dbd0   0x00000014   Code   RO         4198    i.strnicmp_t        usr_stdlib.o
    0x0801dbe4   0x0801dbe4   0x0000003a   Code   RO         4199    i.strstr_t          usr_stdlib.o
    0x0801dc1e   0x0801dc1e   0x0000001a   Code   RO         3672    i.sumTo16_check     usr_serialoil.o
    0x0801dc38   0x0801dc38   0x0000001a   Code   RO         3673    i.sum_check         usr_serialoil.o
    0x0801dc52   0x0801dc52   0x00000002   PAD
    0x0801dc54   0x0801dc54   0x00000010   Code   RO         4324    i.sys_AddMileAge    usr_sys.o
    0x0801dc64   0x0801dc64   0x00000070   Code   RO         4326    i.sys_CheckTerminalPwd  usr_sys.o
    0x0801dcd4   0x0801dcd4   0x0000007c   Code   RO         4327    i.sys_CheckbackupApp  usr_sys.o
    0x0801dd50   0x0801dd50   0x00000010   Code   RO         4328    i.sys_ClearBlindIndex  usr_sys.o
    0x0801dd60   0x0801dd60   0x00000020   Code   RO         4329    i.sys_ClearFlash    usr_sys.o
    0x0801dd80   0x0801dd80   0x00000014   Code   RO         4330    i.sys_ClearRuning   usr_sys.o
    0x0801dd94   0x0801dd94   0x00000014   Code   RO         4331    i.sys_ClearUrl      usr_sys.o
    0x0801dda8   0x0801dda8   0x00000014   Code   RO         4332    i.sys_ClearUrlBak   usr_sys.o
    0x0801ddbc   0x0801ddbc   0x00000024   Code   RO         4333    i.sys_ClrAuthorPhone  usr_sys.o
    0x0801dde0   0x0801dde0   0x00000014   Code   RO         4334    i.sys_ClrIp         usr_sys.o
    0x0801ddf4   0x0801ddf4   0x00000014   Code   RO         4335    i.sys_ClrIpBak      usr_sys.o
    0x0801de08   0x0801de08   0x0000001c   Code   RO         4336    i.sys_GetAccStateOffInterval  usr_sys.o
    0x0801de24   0x0801de24   0x0000001c   Code   RO         4337    i.sys_GetAccStateOnInterval  usr_sys.o
    0x0801de40   0x0801de40   0x0000000c   Code   RO         4338    i.sys_GetAckSwitch  usr_sys.o
    0x0801de4c   0x0801de4c   0x00000008   Code   RO         4339    i.sys_GetApn        usr_sys.o
    0x0801de54   0x0801de54   0x00000008   Code   RO         4340    i.sys_GetApnPasswd  usr_sys.o
    0x0801de5c   0x0801de5c   0x00000008   Code   RO         4341    i.sys_GetApnUser    usr_sys.o
    0x0801de64   0x0801de64   0x00000030   Code   RO         4342    i.sys_GetAuthorPhone  usr_sys.o
    0x0801de94   0x0801de94   0x0000000c   Code   RO         4343    i.sys_GetAutoAnswerTime  usr_sys.o
    0x0801dea0   0x0801dea0   0x0000003c   Code   RO         4345    i.sys_GetCallCtrl   usr_sys.o
    0x0801dedc   0x0801dedc   0x0000000c   Code   RO         4346    i.sys_GetCan1Baud   usr_sys.o
    0x0801dee8   0x0801dee8   0x0000000c   Code   RO         4347    i.sys_GetCan2Baud   usr_sys.o
    0x0801def4   0x0801def4   0x0000000c   Code   RO         4349    i.sys_GetCarColor   usr_sys.o
    0x0801df00   0x0801df00   0x00000008   Code   RO         4351    i.sys_GetCarVin     usr_sys.o
    0x0801df08   0x0801df08   0x0000000c   Code   RO         4352    i.sys_GetCityId     usr_sys.o
    0x0801df14   0x0801df14   0x00000020   Code   RO         4354    i.sys_GetDriveTimeOut  usr_sys.o
    0x0801df34   0x0801df34   0x00000038   Code   RO         4355    i.sys_GetGpsState   usr_sys.o
    0x0801df6c   0x0801df6c   0x0000000c   Code   RO         4356    i.sys_GetIP2KeepAlive  usr_sys.o
    0x0801df78   0x0801df78   0x00000008   Code   RO         4357    i.sys_GetId1        usr_sys.o
    0x0801df80   0x0801df80   0x00000058   Code   RO         4358    i.sys_GetId2        usr_sys.o
    0x0801dfd8   0x0801dfd8   0x00000008   Code   RO         4359    i.sys_GetIp         usr_sys.o
    0x0801dfe0   0x0801dfe0   0x00000008   Code   RO         4360    i.sys_GetIpBak      usr_sys.o
    0x0801dfe8   0x0801dfe8   0x00000008   Code   RO         4361    i.sys_GetLastGpsData  usr_sys.o
    0x0801dff0   0x0801dff0   0x0000000c   Code   RO         4362    i.sys_GetLinkType   usr_sys.o
    0x0801dffc   0x0801dffc   0x0000000c   Code   RO         4363    i.sys_GetLinkTypeBak  usr_sys.o
    0x0801e008   0x0801e008   0x00000024   Code   RO         4365    i.sys_GetManuId     usr_sys.o
    0x0801e02c   0x0801e02c   0x0000000c   Code   RO         4366    i.sys_GetMileAge    usr_sys.o
    0x0801e038   0x0801e038   0x00000018   Code   RO         4372    i.sys_GetOverSpeed  usr_sys.o
    0x0801e050   0x0801e050   0x00000020   Code   RO         4373    i.sys_GetOverSpeedTime  usr_sys.o
    0x0801e070   0x0801e070   0x0000000c   Code   RO         4374    i.sys_GetPort       usr_sys.o
    0x0801e07c   0x0801e07c   0x0000000c   Code   RO         4375    i.sys_GetPortBak    usr_sys.o
    0x0801e088   0x0801e088   0x0000000c   Code   RO         4376    i.sys_GetProvinceId  usr_sys.o
    0x0801e094   0x0801e094   0x00000018   Code   RO         4377    i.sys_GetRedeem     usr_sys.o
    0x0801e0ac   0x0801e0ac   0x00000020   Code   RO         4378    i.sys_GetRestTimeOut  usr_sys.o
    0x0801e0cc   0x0801e0cc   0x00000018   Code   RO         4381    i.sys_GetSysRTC     usr_sys.o
    0x0801e0e4   0x0801e0e4   0x00000024   Code   RO         4382    i.sys_GetTermId     usr_sys.o
    0x0801e108   0x0801e108   0x0000003c   Code   RO         4383    i.sys_GetTermSN     usr_sys.o
    0x0801e144   0x0801e144   0x00000030   Code   RO         4384    i.sys_GetTermType   usr_sys.o
    0x0801e174   0x0801e174   0x0000002c   Code   RO         4385    i.sys_GetTerminalPwd  usr_sys.o
    0x0801e1a0   0x0801e1a0   0x00000028   Code   RO         4386    i.sys_GetTimeType   usr_sys.o
    0x0801e1c8   0x0801e1c8   0x00000020   Code   RO         4387    i.sys_GetTimeZone   usr_sys.o
    0x0801e1e8   0x0801e1e8   0x00000038   Code   RO         4388    i.sys_GetUartFunc   usr_sys.o
    0x0801e220   0x0801e220   0x0000000c   Code   RO         4389    i.sys_GetUpdateFlag  usr_sys.o
    0x0801e22c   0x0801e22c   0x00000008   Code   RO         4390    i.sys_GetUrl        usr_sys.o
    0x0801e234   0x0801e234   0x00000008   Code   RO         4391    i.sys_GetUrlBak     usr_sys.o
    0x0801e23c   0x0801e23c   0x00000020   Code   RO         4393    i.sys_GetageNum     usr_sys.o
    0x0801e25c   0x0801e25c   0x0000002c   Code   RO         4394    i.sys_Init          usr_sys.o
    0x0801e288   0x0801e288   0x00000074   Code   RO         4395    i.sys_ReadUpdate_Flag  usr_sys.o
    0x0801e2fc   0x0801e2fc   0x0000000e   Code   RO         4396    i.sys_ResetFacitory  usr_sys.o
    0x0801e30a   0x0801e30a   0x00000002   PAD
    0x0801e30c   0x0801e30c   0x00000058   Code   RO         4397    i.sys_Restart       usr_sys.o
    0x0801e364   0x0801e364   0x0000002c   Code   RO         4398    i.sys_SetAccStateOffInterval  usr_sys.o
    0x0801e390   0x0801e390   0x0000002c   Code   RO         4399    i.sys_SetAccStateOnInterval  usr_sys.o
    0x0801e3bc   0x0801e3bc   0x0000000c   Code   RO         4400    i.sys_SetAckSwitch  usr_sys.o
    0x0801e3c8   0x0801e3c8   0x00000038   Code   RO         4401    i.sys_SetApn        usr_sys.o
    0x0801e400   0x0801e400   0x00000038   Code   RO         4402    i.sys_SetApnPasswd  usr_sys.o
    0x0801e438   0x0801e438   0x00000038   Code   RO         4403    i.sys_SetApnUser    usr_sys.o
    0x0801e470   0x0801e470   0x00000048   Code   RO         4404    i.sys_SetAuthorPhone  usr_sys.o
    0x0801e4b8   0x0801e4b8   0x0000000c   Code   RO         4405    i.sys_SetAutoAnswerTime  usr_sys.o
    0x0801e4c4   0x0801e4c4   0x0000001c   Code   RO         4407    i.sys_SetCallCtrl   usr_sys.o
    0x0801e4e0   0x0801e4e0   0x0000000c   Code   RO         4408    i.sys_SetCan1Baud   usr_sys.o
    0x0801e4ec   0x0801e4ec   0x0000000c   Code   RO         4409    i.sys_SetCan2Baud   usr_sys.o
    0x0801e4f8   0x0801e4f8   0x0000000c   Code   RO         4411    i.sys_SetCarColor   usr_sys.o
    0x0801e504   0x0801e504   0x00000038   Code   RO         4413    i.sys_SetCarVin     usr_sys.o
    0x0801e53c   0x0801e53c   0x0000000c   Code   RO         4414    i.sys_SetCityId     usr_sys.o
    0x0801e548   0x0801e548   0x00000058   Code   RO         4415    i.sys_SetDefaultParam  usr_sys.o
    0x0801e5a0   0x0801e5a0   0x000000ec   Code   RO         4416    i.sys_SetDefaultSysParam  usr_sys.o
    0x0801e68c   0x0801e68c   0x0000002c   Code   RO         4417    i.sys_SetDistanceInterval  usr_sys.o
    0x0801e6b8   0x0801e6b8   0x0000001c   Code   RO         4418    i.sys_SetDriveTimeOut  usr_sys.o
    0x0801e6d4   0x0801e6d4   0x0000000c   Code   RO         4419    i.sys_SetIP2KeepAlive  usr_sys.o
    0x0801e6e0   0x0801e6e0   0x00000074   Code   RO         4420    i.sys_SetId         usr_sys.o
    0x0801e754   0x0801e754   0x00000038   Code   RO         4422    i.sys_SetIp         usr_sys.o
    0x0801e78c   0x0801e78c   0x00000038   Code   RO         4423    i.sys_SetIpBak      usr_sys.o
    0x0801e7c4   0x0801e7c4   0x00000020   Code   RO         4424    i.sys_SetLastGpsData  usr_sys.o
    0x0801e7e4   0x0801e7e4   0x0000000c   Code   RO         4425    i.sys_SetLinkType   usr_sys.o
    0x0801e7f0   0x0801e7f0   0x0000000c   Code   RO         4426    i.sys_SetLinkTypeBak  usr_sys.o
    0x0801e7fc   0x0801e7fc   0x0000000c   Code   RO         4428    i.sys_SetMileAge    usr_sys.o
    0x0801e808   0x0801e808   0x0000001c   Code   RO         4429    i.sys_SetMoveDistance  usr_sys.o
    0x0801e824   0x0801e824   0x00000018   Code   RO         4434    i.sys_SetOverSpeed  usr_sys.o
    0x0801e83c   0x0801e83c   0x0000001c   Code   RO         4435    i.sys_SetOverSpeedTime  usr_sys.o
    0x0801e858   0x0801e858   0x0000000c   Code   RO         4436    i.sys_SetPort       usr_sys.o
    0x0801e864   0x0801e864   0x0000000c   Code   RO         4437    i.sys_SetPortBak    usr_sys.o
    0x0801e870   0x0801e870   0x0000000c   Code   RO         4438    i.sys_SetProvinceId  usr_sys.o
    0x0801e87c   0x0801e87c   0x00000018   Code   RO         4439    i.sys_SetRedeem     usr_sys.o
    0x0801e894   0x0801e894   0x0000001c   Code   RO         4440    i.sys_SetRestTimeOut  usr_sys.o
    0x0801e8b0   0x0801e8b0   0x00000018   Code   RO         4441    i.sys_SetSleepAble  usr_sys.o
    0x0801e8c8   0x0801e8c8   0x00000034   Code   RO         4444    i.sys_SetSysRTC     usr_sys.o
    0x0801e8fc   0x0801e8fc   0x00000028   Code   RO         4446    i.sys_SetTermSN     usr_sys.o
    0x0801e924   0x0801e924   0x00000038   Code   RO         4448    i.sys_SetTerminalPwd  usr_sys.o
    0x0801e95c   0x0801e95c   0x0000000c   Code   RO         4449    i.sys_SetTimeType   usr_sys.o
    0x0801e968   0x0801e968   0x0000000c   Code   RO         4450    i.sys_SetTimeZone   usr_sys.o
    0x0801e974   0x0801e974   0x0000000c   Code   RO         4451    i.sys_SetUartFunc   usr_sys.o
    0x0801e980   0x0801e980   0x0000000c   Code   RO         4452    i.sys_SetUpdateFlag  usr_sys.o
    0x0801e98c   0x0801e98c   0x00000038   Code   RO         4453    i.sys_SetUrl        usr_sys.o
    0x0801e9c4   0x0801e9c4   0x00000038   Code   RO         4454    i.sys_SetUrlBak     usr_sys.o
    0x0801e9fc   0x0801e9fc   0x00000018   Code   RO         4455    i.sys_SetWatchType  usr_sys.o
    0x0801ea14   0x0801ea14   0x00000018   Code   RO         4456    i.sys_SetageNum     usr_sys.o
    0x0801ea2c   0x0801ea2c   0x00000034   Code   RO         4458    i.sys_SoftReset     usr_sys.o
    0x0801ea60   0x0801ea60   0x00000140   Code   RO         4459    i.sys_auto_backupApp  usr_sys.o
    0x0801eba0   0x0801eba0   0x00000070   Code   RO         4460    i.sys_backupApp_to_ExtFlash  usr_sys.o
    0x0801ec10   0x0801ec10   0x00000070   Code   RO         4461    i.sys_check_rst     usr_sys.o
    0x0801ec80   0x0801ec80   0x0000000c   Code   RO         4462    i.sys_clear_alarm   usr_sys.o
    0x0801ec8c   0x0801ec8c   0x0000000c   Code   RO         4463    i.sys_clear_lastGpsA  usr_sys.o
    0x0801ec98   0x0801ec98   0x0000002c   Code   RO         4464    i.sys_clear_run     usr_sys.o
    0x0801ecc4   0x0801ecc4   0x0000000c   Code   RO         4465    i.sys_clear_runFlag  usr_sys.o
    0x0801ecd0   0x0801ecd0   0x00000058   Code   RO         4466    i.sys_fw_check      usr_sys.o
    0x0801ed28   0x0801ed28   0x0000000c   Code   RO         4467    i.sys_get_debugSwitch  usr_sys.o
    0x0801ed34   0x0801ed34   0x00000024   Code   RO         4468    i.sys_noinit_clear  usr_sys.o
    0x0801ed58   0x0801ed58   0x0000001c   Code   RO         4469    i.sys_noinit_state  usr_sys.o
    0x0801ed74   0x0801ed74   0x00000042   Code   RO         4470    i.sys_param_crc16   usr_sys.o
    0x0801edb6   0x0801edb6   0x00000002   PAD
    0x0801edb8   0x0801edb8   0x00000070   Code   RO         4471    i.sys_readRuning    usr_sys.o
    0x0801ee28   0x0801ee28   0x00000070   Code   RO         4472    i.sys_readSN        usr_sys.o
    0x0801ee98   0x0801ee98   0x00000294   Code   RO         4473    i.sys_readSys       usr_sys.o
    0x0801f12c   0x0801f12c   0x00000038   Code   RO         4474    i.sys_reset_day     usr_sys.o
    0x0801f164   0x0801f164   0x00000074   Code   RO         4476    i.sys_saveRuning    usr_sys.o
    0x0801f1d8   0x0801f1d8   0x00000068   Code   RO         4477    i.sys_saveSN        usr_sys.o
    0x0801f240   0x0801f240   0x00000088   Code   RO         4478    i.sys_saveSys       usr_sys.o
    0x0801f2c8   0x0801f2c8   0x0000000c   Code   RO         4479    i.sys_set_debugSwitch  usr_sys.o
    0x0801f2d4   0x0801f2d4   0x000000d4   Code   RO         4480    i.sys_state_acc9    usr_sys.o
    0x0801f3a8   0x0801f3a8   0x00000010   Code   RO         4481    i.sys_state_checkAlarm  usr_sys.o
    0x0801f3b8   0x0801f3b8   0x00000010   Code   RO         4482    i.sys_state_checkCar  usr_sys.o
    0x0801f3c8   0x0801f3c8   0x00000016   Code   RO         4485    i.sys_state_di19    usr_sys.o
    0x0801f3de   0x0801f3de   0x00000002   PAD
    0x0801f3e0   0x0801f3e0   0x00000030   Code   RO         4486    i.sys_state_di29    usr_sys.o
    0x0801f410   0x0801f410   0x00000016   Code   RO         4487    i.sys_state_di39    usr_sys.o
    0x0801f426   0x0801f426   0x00000016   Code   RO         4488    i.sys_state_do19    usr_sys.o
    0x0801f43c   0x0801f43c   0x00000016   Code   RO         4489    i.sys_state_do29    usr_sys.o
    0x0801f452   0x0801f452   0x00000016   Code   RO         4490    i.sys_state_do39    usr_sys.o
    0x0801f468   0x0801f468   0x00000010   Code   RO         4492    i.sys_state_get_acc  usr_sys.o
    0x0801f478   0x0801f478   0x0000000c   Code   RO         4493    i.sys_state_get_alarm  usr_sys.o
    0x0801f484   0x0801f484   0x0000000c   Code   RO         4494    i.sys_state_get_car  usr_sys.o
    0x0801f490   0x0801f490   0x00000010   Code   RO         4495    i.sys_state_get_gpslastloc  usr_sys.o
    0x0801f4a0   0x0801f4a0   0x00000010   Code   RO         4496    i.sys_state_get_gpsloc  usr_sys.o
    0x0801f4b0   0x0801f4b0   0x00000010   Code   RO         4497    i.sys_state_get_power  usr_sys.o
    0x0801f4c0   0x0801f4c0   0x000000cc   Code   RO         4499    i.sys_state_gpsloc  usr_sys.o
    0x0801f58c   0x0801f58c   0x00000014   Code   RO         4500    i.sys_state_lastGpsA  usr_sys.o
    0x0801f5a0   0x0801f5a0   0x00000018   Code   RO         4501    i.sys_state_newAlarm  usr_sys.o
    0x0801f5b8   0x0801f5b8   0x00000018   Code   RO         4502    i.sys_state_newCar  usr_sys.o
    0x0801f5d0   0x0801f5d0   0x00000018   Code   RO         4503    i.sys_state_newCar9  usr_sys.o
    0x0801f5e8   0x0801f5e8   0x00000018   Code   RO         4507    i.sys_state_offAlarm  usr_sys.o
    0x0801f600   0x0801f600   0x00000010   Code   RO         4508    i.sys_state_offCar  usr_sys.o
    0x0801f610   0x0801f610   0x00000010   Code   RO         4509    i.sys_state_offCar9  usr_sys.o
    0x0801f620   0x0801f620   0x000000e0   Code   RO         4512    i.sys_state_sos9    usr_sys.o
    0x0801f700   0x0801f700   0x000000fc   Code   RO         7411    i.system_clock_168m_8m_hxtal  GD32F4.lib(system_gd32f4xx.o)
    0x0801f7fc   0x0801f7fc   0x00000008   Code   RO         7412    i.system_clock_config  GD32F4.lib(system_gd32f4xx.o)
    0x0801f804   0x0801f804   0x0000005e   Code   RO         5838    i.timer1_init       bsp_timer.o
    0x0801f862   0x0801f862   0x00000002   PAD
    0x0801f864   0x0801f864   0x00000184   Code   RO         9579    i.timer_deinit      GD32F4.lib(gd32f4xx_timer.o)
    0x0801f9e8   0x0801f9e8   0x0000000a   Code   RO         9584    i.timer_enable      GD32F4.lib(gd32f4xx_timer.o)
    0x0801f9f2   0x0801f9f2   0x00000002   PAD
    0x0801f9f4   0x0801f9f4   0x00000098   Code   RO         9594    i.timer_init        GD32F4.lib(gd32f4xx_timer.o)
    0x0801fa8c   0x0801fa8c   0x00000008   Code   RO         9601    i.timer_interrupt_enable  GD32F4.lib(gd32f4xx_timer.o)
    0x0801fa94   0x0801fa94   0x00000006   Code   RO         9602    i.timer_interrupt_flag_clear  GD32F4.lib(gd32f4xx_timer.o)
    0x0801fa9a   0x0801fa9a   0x00000018   Code   RO         9603    i.timer_interrupt_flag_get  GD32F4.lib(gd32f4xx_timer.o)
    0x0801fab2   0x0801fab2   0x00000002   PAD
    0x0801fab4   0x0801fab4   0x000000e8   Code   RO         5886    i.uart1_dma         bsp_uart.o
    0x0801fb9c   0x0801fb9c   0x00000050   Code   RO         5887    i.uart1_dma_send    bsp_uart.o
    0x0801fbec   0x0801fbec   0x0000008c   Code   RO         5888    i.uart1_init        bsp_uart.o
    0x0801fc78   0x0801fc78   0x000000e8   Code   RO         5889    i.uart2_dma         bsp_uart.o
    0x0801fd60   0x0801fd60   0x00000050   Code   RO         5890    i.uart2_dma_send    bsp_uart.o
    0x0801fdb0   0x0801fdb0   0x00000098   Code   RO         5891    i.uart2_init        bsp_uart.o
    0x0801fe48   0x0801fe48   0x000000e8   Code   RO         5895    i.uart4_dma         bsp_uart.o
    0x0801ff30   0x0801ff30   0x000000bc   Code   RO         5897    i.uart4_init        bsp_uart.o
    0x0801ffec   0x0801ffec   0x0000000c   Code   RO         3320    i.uint16_to_uint8   usr_public.o
    0x0801fff8   0x0801fff8   0x00000014   Code   RO         3321    i.uint32_to_uint8   usr_public.o
    0x0802000c   0x0802000c   0x00000012   Code   RO         3322    i.uint8_to_uint16   usr_public.o
    0x0802001e   0x0802001e   0x0000001a   Code   RO         3323    i.uint8_to_uint32   usr_public.o
    0x08020038   0x08020038   0x0000001c   Code   RO         1424    i.update_ClearFileReq  usr_fota.o
    0x08020054   0x08020054   0x00000008   Code   RO         1425    i.update_GetFilename  usr_fota.o
    0x0802005c   0x0802005c   0x00000008   Code   RO         1426    i.update_GetIp      usr_fota.o
    0x08020064   0x08020064   0x0000000c   Code   RO         1427    i.update_GetLastState  usr_fota.o
    0x08020070   0x08020070   0x0000000c   Code   RO         1428    i.update_GetPort    usr_fota.o
    0x0802007c   0x0802007c   0x0000000c   Code   RO         1429    i.update_GetTFTPFlag  usr_fota.o
    0x08020088   0x08020088   0x0000000c   Code   RO         1430    i.update_GetUpdateFlag  usr_fota.o
    0x08020094   0x08020094   0x00000040   Code   RO         1431    i.update_Reconnect  usr_fota.o
    0x080200d4   0x080200d4   0x00000038   Code   RO         1432    i.update_SetFilename  usr_fota.o
    0x0802010c   0x0802010c   0x0000002c   Code   RO         1433    i.update_SetIp      usr_fota.o
    0x08020138   0x08020138   0x00000014   Code   RO         1434    i.update_SetPort    usr_fota.o
    0x0802014c   0x0802014c   0x0000000c   Code   RO         1435    i.update_SetTFTPFlag  usr_fota.o
    0x08020158   0x08020158   0x00000048   Code   RO         1436    i.update_SetUpdateFlag  usr_fota.o
    0x080201a0   0x080201a0   0x0000001a   Code   RO         1437    i.update_handle     usr_fota.o
    0x080201ba   0x080201ba   0x00000002   PAD
    0x080201bc   0x080201bc   0x00000390   Code   RO         1438    i.update_linkTFTP   usr_fota.o
    0x0802054c   0x0802054c   0x000000e8   Code   RO         9994    i.usart_baudrate_set  GD32F4.lib(gd32f4xx_usart.o)
    0x08020634   0x08020634   0x000000dc   Code   RO        10000    i.usart_deinit      GD32F4.lib(gd32f4xx_usart.o)
    0x08020710   0x08020710   0x00000010   Code   RO        10002    i.usart_dma_receive_config  GD32F4.lib(gd32f4xx_usart.o)
    0x08020720   0x08020720   0x00000010   Code   RO        10003    i.usart_dma_transmit_config  GD32F4.lib(gd32f4xx_usart.o)
    0x08020730   0x08020730   0x0000000a   Code   RO        10004    i.usart_enable      GD32F4.lib(gd32f4xx_usart.o)
    0x0802073a   0x0802073a   0x0000001a   Code   RO        10014    i.usart_interrupt_enable  GD32F4.lib(gd32f4xx_usart.o)
    0x08020754   0x08020754   0x00000038   Code   RO        10016    i.usart_interrupt_flag_get  GD32F4.lib(gd32f4xx_usart.o)
    0x0802078c   0x0802078c   0x00000010   Code   RO        10031    i.usart_receive_config  GD32F4.lib(gd32f4xx_usart.o)
    0x0802079c   0x0802079c   0x00000010   Code   RO        10046    i.usart_transmit_config  GD32F4.lib(gd32f4xx_usart.o)
    0x080207ac   0x080207ac   0x000000f4   Code   RO         6089    i.usb_basic_init    drv_usb_core.o
    0x080208a0   0x080208a0   0x000000b8   Code   RO         6090    i.usb_core_init     drv_usb_core.o
    0x08020958   0x08020958   0x00000026   Code   RO         6091    i.usb_core_reset    drv_usb_core.o
    0x0802097e   0x0802097e   0x00000002   PAD
    0x08020980   0x08020980   0x00000028   Code   RO         6167    i.usb_ctlep_startout  drv_usb_dev.o
    0x080209a8   0x080209a8   0x0000002e   Code   RO         6092    i.usb_curmode_set   drv_usb_core.o
    0x080209d6   0x080209d6   0x00000002   PAD
    0x080209d8   0x080209d8   0x00000150   Code   RO         6170    i.usb_devcore_init  drv_usb_dev.o
    0x08020b28   0x08020b28   0x00000040   Code   RO         6171    i.usb_devint_enable  drv_usb_dev.o
    0x08020b68   0x08020b68   0x00000040   Code   RO         5562    i.usb_gpio_config   gd32f4xx_hw.o
    0x08020ba8   0x08020ba8   0x0000002a   Code   RO         6172    i.usb_iepintr_read  drv_usb_dev.o
    0x08020bd2   0x08020bd2   0x00000002   PAD
    0x08020bd4   0x08020bd4   0x00000028   Code   RO         5522    i.usb_init          usr_usb.o
    0x08020bfc   0x08020bfc   0x0000000e   Code   RO         5563    i.usb_intr_config   gd32f4xx_hw.o
    0x08020c0a   0x08020c0a   0x00000012   Code   RO         5564    i.usb_mdelay        gd32f4xx_hw.o
    0x08020c1c   0x08020c1c   0x00000044   Code   RO         5565    i.usb_rcu_config    gd32f4xx_hw.o
    0x08020c60   0x08020c60   0x00000028   Code   RO         5523    i.usb_recv          usr_usb.o
    0x08020c88   0x08020c88   0x00000022   Code   RO         6093    i.usb_rxfifo_flush  drv_usb_core.o
    0x08020caa   0x08020caa   0x0000001e   Code   RO         6094    i.usb_rxfifo_read   drv_usb_core.o
    0x08020cc8   0x08020cc8   0x00000048   Code   RO         6095    i.usb_set_txfifo    drv_usb_core.o
    0x08020d10   0x08020d10   0x00000098   Code   RO         6175    i.usb_transc_active  drv_usb_dev.o
    0x08020da8   0x08020da8   0x00000044   Code   RO         6176    i.usb_transc_clrstall  drv_usb_dev.o
    0x08020dec   0x08020dec   0x00000064   Code   RO         6177    i.usb_transc_deactivate  drv_usb_dev.o
    0x08020e50   0x08020e50   0x0000010c   Code   RO         6178    i.usb_transc_inxfer  drv_usb_dev.o
    0x08020f5c   0x08020f5c   0x00000090   Code   RO         6179    i.usb_transc_outxfer  drv_usb_dev.o
    0x08020fec   0x08020fec   0x00000042   Code   RO         6180    i.usb_transc_stall  drv_usb_dev.o
    0x0802102e   0x0802102e   0x00000028   Code   RO         6096    i.usb_txfifo_flush  drv_usb_core.o
    0x08021056   0x08021056   0x00000022   Code   RO         6097    i.usb_txfifo_write  drv_usb_core.o
    0x08021078   0x08021078   0x0000000c   Code   RO         5567    i.usb_udelay        gd32f4xx_hw.o
    0x08021084   0x08021084   0x00000026   Code   RO         6469    i.usbd_class_request  usbd_enum.o
    0x080210aa   0x080210aa   0x0000001c   Code   RO         6355    i.usbd_connect      usbd_core.o
    0x080210c6   0x080210c6   0x0000002e   Code   RO         6595    i.usbd_ctl_recev    usbd_transc.o
    0x080210f4   0x080210f4   0x0000002e   Code   RO         6596    i.usbd_ctl_send     usbd_transc.o
    0x08021122   0x08021122   0x00000020   Code   RO         6597    i.usbd_ctl_status_recev  usbd_transc.o
    0x08021142   0x08021142   0x00000020   Code   RO         6598    i.usbd_ctl_status_send  usbd_transc.o
    0x08021162   0x08021162   0x0000001c   Code   RO         6356    i.usbd_disconnect   usbd_core.o
    0x0802117e   0x0802117e   0x0000008c   Code   RO         6279    i.usbd_emptytxfifo_write  drv_usbd_int.o
    0x0802120a   0x0802120a   0x0000001e   Code   RO         6470    i.usbd_enum_error   usbd_enum.o
    0x08021228   0x08021228   0x00000034   Code   RO         6357    i.usbd_ep_clear     usbd_core.o
    0x0802125c   0x0802125c   0x0000003c   Code   RO         6358    i.usbd_ep_recev     usbd_core.o
    0x08021298   0x08021298   0x0000003c   Code   RO         6359    i.usbd_ep_send      usbd_core.o
    0x080212d4   0x080212d4   0x00000070   Code   RO         6360    i.usbd_ep_setup     usbd_core.o
    0x08021344   0x08021344   0x0000003a   Code   RO         6361    i.usbd_ep_stall     usbd_core.o
    0x0802137e   0x0802137e   0x0000003a   Code   RO         6362    i.usbd_ep_stall_clear  usbd_core.o
    0x080213b8   0x080213b8   0x000000a0   Code   RO         6599    i.usbd_in_transc    usbd_transc.o
    0x08021458   0x08021458   0x0000007c   Code   RO         6364    i.usbd_init         usbd_core.o
    0x080214d4   0x080214d4   0x00000068   Code   RO         6280    i.usbd_int_enumfinish  drv_usbd_int.o
    0x0802153c   0x0802153c   0x0000008a   Code   RO         6281    i.usbd_int_epin     drv_usbd_int.o
    0x080215c6   0x080215c6   0x000000ce   Code   RO         6282    i.usbd_int_epout    drv_usbd_int.o
    0x08021694   0x08021694   0x000000d8   Code   RO         6283    i.usbd_int_reset    drv_usbd_int.o
    0x0802176c   0x0802176c   0x000000b2   Code   RO         6284    i.usbd_int_rxfifo   drv_usbd_int.o
    0x0802181e   0x0802181e   0x00000066   Code   RO         6285    i.usbd_int_suspend  drv_usbd_int.o
    0x08021884   0x08021884   0x000000de   Code   RO         6286    i.usbd_isr          drv_usbd_int.o
    0x08021962   0x08021962   0x00000084   Code   RO         6600    i.usbd_out_transc   usbd_transc.o
    0x080219e6   0x080219e6   0x00000084   Code   RO         6601    i.usbd_setup_transc  usbd_transc.o
    0x08021a6a   0x08021a6a   0x00000002   PAD
    0x08021a6c   0x08021a6c   0x0000001c   Code   RO         6471    i.usbd_standard_request  usbd_enum.o
    0x08021a88   0x08021a88   0x00000006   Code   RO         6472    i.usbd_vendor_request  usbd_enum.o
    0x08021a8e   0x08021a8e   0x0000002c   Code   RO         3324    i.usc2_ascii        usr_public.o
    0x08021aba   0x08021aba   0x00000028   Code   RO         6829    i.uxListRemove      list.o
    0x08021ae2   0x08021ae2   0x00000002   PAD
    0x08021ae4   0x08021ae4   0x00000028   Code   RO         6999    i.uxTaskGetStackHighWaterMark  tasks.o
    0x08021b0c   0x08021b0c   0x00000018   Code   RO         2929    i.vApplicationIdleHook  usr_hook.o
    0x08021b24   0x08021b24   0x00000008   Code   RO         2930    i.vApplicationMallocFailedHook  usr_hook.o
    0x08021b2c   0x08021b2c   0x00000008   Code   RO         2931    i.vApplicationTickHook  usr_hook.o
    0x08021b34   0x08021b34   0x00000110   Code   RO         1188    i.vDevTask          usr_dev.o
    0x08021c44   0x08021c44   0x00000070   Code   RO         1189    i.vDevTaskQueueCreat  usr_dev.o
    0x08021cb4   0x08021cb4   0x00000002   Code   RO          419    i.vGetStackHighWaterMark  usr_app.o
    0x08021cb6   0x08021cb6   0x00000002   PAD
    0x08021cb8   0x08021cb8   0x00000178   Code   RO         1692    i.vGpsTask          usr_gps.o
    0x08021e30   0x08021e30   0x00000070   Code   RO         1693    i.vGpsTaskQueueCreat  usr_gps.o
    0x08021ea0   0x08021ea0   0x00000278   Code   RO         2019    i.vGsmTask          usr_gsm.o
    0x08022118   0x08022118   0x00000070   Code   RO         2020    i.vGsmTaskQueueCreat  usr_gsm.o
    0x08022188   0x08022188   0x0000001a   Code   RO         6830    i.vListInitialise   list.o
    0x080221a2   0x080221a2   0x00000006   Code   RO         6831    i.vListInitialiseItem  list.o
    0x080221a8   0x080221a8   0x00000034   Code   RO         6832    i.vListInsert       list.o
    0x080221dc   0x080221dc   0x00000018   Code   RO         6833    i.vListInsertEnd    list.o
    0x080221f4   0x080221f4   0x00000134   Code   RO          420    i.vMainTask         usr_app.o
    0x08022328   0x08022328   0x00000070   Code   RO          421    i.vMainTaskQueueCreat  usr_app.o
    0x08022398   0x08022398   0x00000024   Code   RO         7346    i.vPortEnterCritical  port.o
    0x080223bc   0x080223bc   0x00000020   Code   RO         7347    i.vPortExitCritical  port.o
    0x080223dc   0x080223dc   0x00000048   Code   RO         7295    i.vPortFree         heap_4.o
    0x08022424   0x08022424   0x00000014   Code   RO         7348    i.vPortSetupTimerInterrupt  port.o
    0x08022438   0x08022438   0x0000009c   Code   RO         7004    i.vTaskDelayUntil   tasks.o
    0x080224d4   0x080224d4   0x0000000c   Code   RO         7007    i.vTaskMissedYield  tasks.o
    0x080224e0   0x080224e0   0x00000064   Code   RO         7009    i.vTaskPlaceOnEventList  tasks.o
    0x08022544   0x08022544   0x000000b0   Code   RO         7011    i.vTaskPriorityInherit  tasks.o
    0x080225f4   0x080225f4   0x00000018   Code   RO         7014    i.vTaskSetTimeOutState  tasks.o
    0x0802260c   0x0802260c   0x00000064   Code   RO         7015    i.vTaskStartScheduler  tasks.o
    0x08022670   0x08022670   0x00000010   Code   RO         7017    i.vTaskSuspendAll   tasks.o
    0x08022680   0x08022680   0x00000060   Code   RO         7018    i.vTaskSwitchContext  tasks.o
    0x080226e0   0x080226e0   0x0000000c   Code   RO         7297    i.xPortGetFreeHeapSize  heap_4.o
    0x080226ec   0x080226ec   0x00000048   Code   RO         7349    i.xPortStartScheduler  port.o
    0x08022734   0x08022734   0x00000048   Code   RO         6874    i.xQueueCreateMutex  queue.o
    0x0802277c   0x0802277c   0x00000046   Code   RO         6875    i.xQueueGenericCreate  queue.o
    0x080227c2   0x080227c2   0x00000002   PAD
    0x080227c4   0x080227c4   0x00000144   Code   RO         6876    i.xQueueGenericReceive  queue.o
    0x08022908   0x08022908   0x0000007c   Code   RO         6877    i.xQueueGenericReset  queue.o
    0x08022984   0x08022984   0x00000110   Code   RO         6878    i.xQueueGenericSend  queue.o
    0x08022a94   0x08022a94   0x0000007e   Code   RO         6879    i.xQueueGenericSendFromISR  queue.o
    0x08022b12   0x08022b12   0x00000002   PAD
    0x08022b14   0x08022b14   0x0000005c   Code   RO         7019    i.xTaskCheckForTimeOut  tasks.o
    0x08022b70   0x08022b70   0x00000108   Code   RO         7020    i.xTaskGenericCreate  tasks.o
    0x08022c78   0x08022c78   0x0000000c   Code   RO         7024    i.xTaskGetTickCount  tasks.o
    0x08022c84   0x08022c84   0x0000012c   Code   RO         7026    i.xTaskIncrementTick  tasks.o
    0x08022db0   0x08022db0   0x00000084   Code   RO         7029    i.xTaskPriorityDisinherit  tasks.o
    0x08022e34   0x08022e34   0x00000080   Code   RO         7030    i.xTaskRemoveFromEventList  tasks.o
    0x08022eb4   0x08022eb4   0x000000e8   Code   RO         7032    i.xTaskResumeAll    tasks.o
    0x08022f9c   0x08022f9c   0x00000018   Code   RO         3325    i.xor_check         usr_public.o
    0x08022fb4   0x08022fb4   0x0000002c   Code   RO        10707    locale$$code        c_w.l(lc_numeric_c.o)
    0x08022fe0   0x08022fe0   0x0000002c   Code   RO        10724    locale$$code        c_w.l(lc_ctype_c.o)
    0x0802300c   0x0802300c   0x00000018   Code   RO        10564    x$fpl$basic         fz_wm.l(basic.o)
    0x08023024   0x08023024   0x00000150   Code   RO        10421    x$fpl$dadd          fz_wm.l(daddsub_clz.o)
    0x08023174   0x08023174   0x00000010   Code   RO        10663    x$fpl$dcheck1       fz_wm.l(dcheck1.o)
    0x08023184   0x08023184   0x00000018   Code   RO        10665    x$fpl$dcmpinf       fz_wm.l(dcmpi.o)
    0x0802319c   0x0802319c   0x000002b0   Code   RO        10428    x$fpl$ddiv          fz_wm.l(ddiv.o)
    0x0802344c   0x0802344c   0x0000005e   Code   RO        10431    x$fpl$dfix          fz_wm.l(dfix.o)
    0x080234aa   0x080234aa   0x00000002   PAD
    0x080234ac   0x080234ac   0x0000005a   Code   RO        10435    x$fpl$dfixu         fz_wm.l(dfixu.o)
    0x08023506   0x08023506   0x0000002e   Code   RO        10440    x$fpl$dflt          fz_wm.l(dflt_clz.o)
    0x08023534   0x08023534   0x00000026   Code   RO        10439    x$fpl$dfltu         fz_wm.l(dflt_clz.o)
    0x0802355a   0x0802355a   0x00000002   PAD
    0x0802355c   0x0802355c   0x00000078   Code   RO        10566    x$fpl$dleqf         fz_wm.l(dleqf.o)
    0x080235d4   0x080235d4   0x00000154   Code   RO        10445    x$fpl$dmul          fz_wm.l(dmul.o)
    0x08023728   0x08023728   0x0000009c   Code   RO        10568    x$fpl$dnaninf       fz_wm.l(dnaninf.o)
    0x080237c4   0x080237c4   0x0000000c   Code   RO        10570    x$fpl$dretinf       fz_wm.l(dretinf.o)
    0x080237d0   0x080237d0   0x0000006c   Code   RO        10572    x$fpl$drleqf        fz_wm.l(drleqf.o)
    0x0802383c   0x0802383c   0x00000016   Code   RO        10422    x$fpl$drsb          fz_wm.l(daddsub_clz.o)
    0x08023852   0x08023852   0x00000002   PAD
    0x08023854   0x08023854   0x00000198   Code   RO        10574    x$fpl$dsqrt         fz_wm.l(dsqrt_umaal.o)
    0x080239ec   0x080239ec   0x000001d4   Code   RO        10423    x$fpl$dsub          fz_wm.l(daddsub_clz.o)
    0x08023bc0   0x08023bc0   0x00000056   Code   RO        10447    x$fpl$f2d           fz_wm.l(f2d.o)
    0x08023c16   0x08023c16   0x0000008c   Code   RO        10576    x$fpl$fnaninf       fz_wm.l(fnaninf.o)
    0x08023ca2   0x08023ca2   0x0000000a   Code   RO        10784    x$fpl$fpinit        fz_wm.l(fpinit.o)
    0x08023cac   0x08023cac   0x00000004   Code   RO        10578    x$fpl$printf1       fz_wm.l(printf1.o)
    0x08023cb0   0x08023cb0   0x00000004   Code   RO        10580    x$fpl$printf2       fz_wm.l(printf2.o)
    0x08023cb4   0x08023cb4   0x00000064   Code   RO        10719    x$fpl$retnan        fz_wm.l(retnan.o)
    0x08023d18   0x08023d18   0x0000005c   Code   RO        10586    x$fpl$scalbn        fz_wm.l(scalbn.o)
    0x08023d74   0x08023d74   0x00000030   Code   RO        10773    x$fpl$trapveneer    fz_wm.l(trapv.o)
    0x08023da4   0x08023da4   0x00000000   Code   RO        10588    x$fpl$usenofp       fz_wm.l(usenofp.o)
    0x08023da4   0x08023da4   0x00000070   Data   RO         1695    .constdata          usr_gps.o
    0x08023e14   0x08023e14   0x00000018   Data   RO         3580    .constdata          usr_rtc.o
    0x08023e2c   0x08023e2c   0x0000007c   Data   RO         5679    .constdata          bsp_gpio.o
    0x08023ea8   0x08023ea8   0x00000004   Data   RO         6181    .constdata          drv_usb_dev.o
    0x08023eac   0x08023eac   0x0000003c   Data   RO         6287    .constdata          drv_usbd_int.o
    0x08023ee8   0x08023ee8   0x00000010   Data   RO         6365    .constdata          usbd_core.o
    0x08023ef8   0x08023ef8   0x00000177   Data   RO         6671    .constdata          cdc_acm_core.o
    0x0802406f   0x0802406f   0x00000028   Data   RO        10370    .constdata          c_w.l(_printf_hex_int_ll_ptr.o)
    0x08024097   0x08024097   0x00000011   Data   RO        10390    .constdata          c_w.l(__printf_flags_ss_wp.o)
    0x080240a8   0x080240a8   0x00000050   Data   RO        10452    .constdata          m_wm.l(asin.o)
    0x080240f8   0x080240f8   0x00000088   Data   RO        10478    .constdata          m_wm.l(pow.o)
    0x08024180   0x08024180   0x00000008   Data   RO        10529    .constdata          c_w.l(_printf_wctomb.o)
    0x08024188   0x08024188   0x00000030   Data   RO        10590    .constdata          m_wm.l(cos_i.o)
    0x080241b8   0x080241b8   0x00000008   Data   RO        10616    .constdata          m_wm.l(qnan.o)
    0x080241c0   0x080241c0   0x000000c8   Data   RO        10619    .constdata          m_wm.l(rred.o)
    0x08024288   0x08024288   0x00000028   Data   RO        10623    .constdata          m_wm.l(sin_i.o)
    0x080242b0   0x080242b0   0x00000026   Data   RO        10653    .constdata          c_w.l(_printf_fp_hex.o)
    0x080242d6   0x080242d6   0x00000002   PAD
    0x080242d8   0x080242d8   0x00000094   Data   RO        10682    .constdata          c_w.l(bigflt0.o)
    0x0802436c   0x0802436c   0x00000067   Data   RO          525    .conststring        usr_atv.o
    0x080243d3   0x080243d3   0x00000001   PAD
    0x080243d4   0x080243d4   0x0000002f   Data   RO         1696    .conststring        usr_gps.o
    0x08024403   0x08024403   0x00000001   PAD
    0x08024404   0x08024404   0x00000081   Data   RO         2022    .conststring        usr_gsm.o
    0x08024485   0x08024485   0x00000003   PAD
    0x08024488   0x08024488   0x00000147   Data   RO         2638    .conststring        usr_handset.o
    0x080245cf   0x080245cf   0x00000001   PAD
    0x080245d0   0x080245d0   0x00000030   Data   RO        10854    Region$$Table       anon$$obj.o
    0x08024600   0x08024600   0x0000001c   Data   RO        10706    locale$$data        c_w.l(lc_numeric_c.o)
    0x0802461c   0x0802461c   0x00000110   Data   RO        10723    locale$$data        c_w.l(lc_ctype_c.o)


    Execution Region RW_IRAM3 (Exec base: 0x10000000, Load base: 0x0802492c, Size: 0x00010000, Max: 0x00010000, ABSOLUTE)

    Exec Addr    Load Addr    Size         Type   Attr      Idx    E Section Name        Object

    0x10000000        -       0x00010000   Zero   RW         7299    .bss                heap_4.o


    Execution Region RW_IRAM1 (Exec base: 0x20000000, Load base: 0x0802472c, Size: 0x00007380, Max: 0x0001ff00, ABSOLUTE, COMPRESSED[0x00000200])

    Exec Addr    Load Addr    Size         Type   Attr      Idx    E Section Name        Object

    0x20000000   COMPRESSED   0x0000001c   Data   RW          422    .data               usr_app.o
    0x2000001c   COMPRESSED   0x00000088   Data   RW          526    .data               usr_atv.o
    0x200000a4   COMPRESSED   0x00000005   Data   RW          692    .data               usr_aw.o
    0x200000a9   COMPRESSED   0x00000003   PAD
    0x200000ac   COMPRESSED   0x00000004   Data   RW         1030    .data               usr_comip.o
    0x200000b0   COMPRESSED   0x00000008   Data   RW         1191    .data               usr_dev.o
    0x200000b8   COMPRESSED   0x0000001a   Data   RW         1440    .data               usr_fota.o
    0x200000d2   COMPRESSED   0x00000002   PAD
    0x200000d4   COMPRESSED   0x00000016   Data   RW         1561    .data               usr_gpio.o
    0x200000ea   COMPRESSED   0x00000002   PAD
    0x200000ec   COMPRESSED   0x00000032   Data   RW         1697    .data               usr_gps.o
    0x2000011e   COMPRESSED   0x00000002   PAD
    0x20000120   COMPRESSED   0x0000008e   Data   RW         2023    .data               usr_gsm.o
    0x200001ae   COMPRESSED   0x00000002   PAD
    0x200001b0   COMPRESSED   0x000000e8   Data   RW         2639    .data               usr_handset.o
    0x20000298   COMPRESSED   0x00000010   Data   RW         2970    .data               usr_ibutton.o
    0x200002a8   COMPRESSED   0x00000015   Data   RW         3046    .data               usr_mile.o
    0x200002bd   COMPRESSED   0x00000003   PAD
    0x200002c0   COMPRESSED   0x00000018   Data   RW         3136    .data               usr_msg.o
    0x200002d8   COMPRESSED   0x00000006   Data   RW         3581    .data               usr_rtc.o
    0x200002de   COMPRESSED   0x0000001c   Data   RW         3675    .data               usr_serialoil.o
    0x200002fa   COMPRESSED   0x00000002   PAD
    0x200002fc   COMPRESSED   0x00000010   Data   RW         3903    .data               usr_sleep.o
    0x2000030c   COMPRESSED   0x00000010   Data   RW         3980    .data               usr_sms.o
    0x2000031c   COMPRESSED   0x00000001   Data   RW         4143    .data               usr_softdog.o
    0x2000031d   COMPRESSED   0x00000003   PAD
    0x20000320   COMPRESSED   0x0000002e   Data   RW         4514    .data               usr_sys.o
    0x2000034e   COMPRESSED   0x00000002   PAD
    0x20000350   COMPRESSED   0x00000004   Data   RW         5490    .data               usr_timer.o
    0x20000354   COMPRESSED   0x00000008   Data   RW         6182    .data               drv_usb_dev.o
    0x2000035c   COMPRESSED   0x00000043   Data   RW         6473    .data               usbd_enum.o
    0x2000039f   COMPRESSED   0x00000001   PAD
    0x200003a0   COMPRESSED   0x000000c4   Data   RW         6672    .data               cdc_acm_core.o
    0x20000464   COMPRESSED   0x00000038   Data   RW         7035    .data               tasks.o
    0x2000049c   COMPRESSED   0x00000018   Data   RW         7300    .data               heap_4.o
    0x200004b4   COMPRESSED   0x00000004   Data   RW         7350    .data               port.o
    0x200004b8   COMPRESSED   0x00000004   Data   RW         7413    .data               GD32F4.lib(system_gd32f4xx.o)
    0x200004bc        -       0x00000429   Zero   RW          691    .bss                usr_aw.o
    0x200008e5   COMPRESSED   0x00000003   PAD
    0x200008e8        -       0x000014a8   Zero   RW         1190    .bss                usr_dev.o
    0x20001d90        -       0x00000048   Zero   RW         1439    .bss                usr_fota.o
    0x20001dd8        -       0x000007c6   Zero   RW         1694    .bss                usr_gps.o
    0x2000259e   COMPRESSED   0x00000002   PAD
    0x200025a0        -       0x000005d8   Zero   RW         2021    .bss                usr_gsm.o
    0x20002b78        -       0x00000202   Zero   RW         3135    .bss                usr_msg.o
    0x20002d7a   COMPRESSED   0x00000002   PAD
    0x20002d7c        -       0x00000060   Zero   RW         3674    .bss                usr_serialoil.o
    0x20002ddc        -       0x0000040e   Zero   RW         3978    .bss                usr_sms.o
    0x200031ea   COMPRESSED   0x00000002   PAD
    0x200031ec        -       0x00000030   Zero   RW         4142    .bss                usr_softdog.o
    0x2000321c        -       0x00000278   Zero   RW         4513    .bss                usr_sys.o
    0x20003494        -       0x000000e0   Zero   RW         5489    .bss                usr_timer.o
    0x20003574        -       0x0000043c   Zero   RW         5524    .bss                usr_usb.o
    0x200039b0        -       0x0000000a   Zero   RW         5623    .bss                bsp_adc.o
    0x200039ba        -       0x0000280a   Zero   RW         5898    .bss                bsp_uart.o
    0x200061c4        -       0x00000058   Zero   RW         6670    .bss                cdc_acm_core.o
    0x2000621c        -       0x000000f0   Zero   RW         7034    .bss                tasks.o
    0x2000630c        -       0x00000010   Zero   RW         8622    .bss                GD32F4.lib(gd32f4xx_pmu.o)
    0x2000631c        -       0x00000060   Zero   RW        10668    .bss                c_w.l(libspace.o)
    0x2000637c   COMPRESSED   0x00000004   PAD
    0x20006380        -       0x00000000   Zero   RW         7401    HEAP                startup_gd32f407.o
    0x20006380        -       0x00001000   Zero   RW         7400    STACK               startup_gd32f407.o


    Execution Region RW_IRAM2 (Exec base: 0x2001ff00, Load base: 0x0802492c, Size: 0x00000020, Max: 0x00000100, ABSOLUTE, UNINIT)

    Exec Addr    Load Addr    Size         Type   Attr      Idx    E Section Name        Object

    0x2001ff00        -       0x00000002   Zero   RW         1031    NO_INIT             usr_comip.o
    0x2001ff02        -       0x00000015   Zero   RW         3981    NO_INIT             usr_sms.o
    0x2001ff17   0x0802492c   0x00000001   PAD
    0x2001ff18        -       0x00000006   Zero   RW         4515    NO_INIT             usr_sys.o


==============================================================================

Image component sizes


      Code (inc. data)   RO Data    RW Data    ZI Data      Debug   Object Name

       420         26          0          0         10       1634   bsp_adc.o
        88         22          0          0          0        990   bsp_dwt.o
       348         38        124          0          0       3049   bsp_gpio.o
       400        106          0          0          0       2266   bsp_iap.o
        48          0          0          0          0        904   bsp_iwdg.o
       114          0          0          0          0        480   bsp_nvic.o
       232         14          0          0          0       1250   bsp_spi.o
       120          0          0          0          0        998   bsp_timer.o
      2080        222          0          0      10250      11960   bsp_uart.o
       738         12        375        196         88       6192   cdc_acm_core.o
       722         12          0          0          0      21551   drv_usb_core.o
      1280         28          4          8          0      10385   drv_usb_dev.o
      1306         22         60          0          0      22335   drv_usbd_int.o
         0          0          0          0          0       8064   event_groups.o
       192         16          0          0          0       3204   gd32f4xx_hw.o
        20          0          0          0          0       2581   gd32f4xx_it.o
       532         70          0         24      65536       4338   heap_4.o
       148          0          0          0          0       3102   list.o
       600        214          0          0          0     110454   main.o
       456         56          0          4          0       7180   port.o
      1340         14          0          0          0      10025   queue.o
        60         22        392          0       4096        856   startup_gd32f407.o
      2500        366          0         56        240      27860   tasks.o
       580          6         16          0          0      22852   usbd_core.o
      1492         28          0         67          0      20430   usbd_enum.o
       580          0          0          0          0       5543   usbd_transc.o
       868        124          0         28          0       8210   usr_app.o
      2548        708        103        136          0      13534   usr_atv.o
      9700        716          0          5       1065      39826   usr_aw.o
      4690        734          0          4          2      17701   usr_comip.o
      1162        204          0          8       5288       8073   usr_dev.o
      1512        102          0          0          0      15723   usr_flash.o
      2598        594          0         26         72      11543   usr_fota.o
      1248         56          0         22          0       8279   usr_gpio.o
      4844        510        159         50       1990      25830   usr_gps.o
     12618       2676        129        142       1496      56852   usr_gsm.o
      5344        826        327        232          0      33950   usr_handset.o
        40          4          0          0          0       1397   usr_hook.o
         0          0          0         16          0       1134   usr_ibutton.o
      2732        250          0         21          0       7903   usr_mile.o
      2330        418          0         24        514      11385   usr_msg.o
       752          8          0          0          0       4717   usr_printf_stdarg.o
      1088         26          0          0          0      13872   usr_public.o
       462          0          0          0          0       6110   usr_ring_buffer.o
       486         40         24          6          0       3936   usr_rtc.o
      4120        542          0         28         96      12980   usr_serialoil.o
        48          4          0         16          0       1186   usr_sleep.o
      4890        554          0         16       1059      19491   usr_sms.o
       172         36          0          1         48       1204   usr_softdog.o
       526          0          0          0          0       8723   usr_stdlib.o
      6822       1450          0         46        638     108206   usr_sys.o
       148         12          0          4        224       2135   usr_timer.o
       112         24          0          0       1084       1686   usr_usb.o

    ----------------------------------------------------------------------
     88348      11912       1767       1208      93808     756069   Object Totals
         0          0         48          0          0          0   (incl. Generated)
        92          0          6         22         12          0   (incl. Padding)

    ----------------------------------------------------------------------

      Code (inc. data)   RO Data    RW Data    ZI Data      Debug   Library Member Name

       654         16          0          0          0      12318   gd32f4xx_adc.o
      1412          4          0          0          0       8987   gd32f4xx_dma.o
        12          6          0          0          0        474   gd32f4xx_exti.o
       358         38          0          0          0       3684   gd32f4xx_fmc.o
       136         22          0          0          0       1669   gd32f4xx_fwdgt.o
       278          0          0          0          0       4383   gd32f4xx_gpio.o
       236         28          0          0          0       1832   gd32f4xx_misc.o
       196         28          0          0         16        631   gd32f4xx_pmu.o
       996         80          0          0          0       7663   gd32f4xx_rcu.o
        36          8          0          0          0       1004   gd32f4xx_rtc.o
        88          0          0          0          0       3134   gd32f4xx_spi.o
       588         44          0          0          0       3756   gd32f4xx_timer.o
       608         18          0          0          0       5485   gd32f4xx_usart.o
       444         28          0          4          0      78643   system_gd32f4xx.o
        60          8          0          0          0         84   __0sscanf.o
        44          6          0          0          0         84   __2sprintf.o
        90          0          0          0          0          0   __dczerorl2.o
         8          0          0          0          0         68   __main.o
       392          4         17          0          0         92   __printf_flags_ss_wp.o
        14          0          0          0          0         68   __printf_wp.o
         0          0          0          0          0          0   __rtentry.o
        12          0          0          0          0          0   __rtentry2.o
         6          0          0          0          0          0   __rtentry4.o
        52          8          0          0          0          0   __scatter.o
        28          0          0          0          0          0   __scatter_zi.o
        28          0          0          0          0         68   _chval.o
         6          0          0          0          0          0   _printf_a.o
         6          0          0          0          0          0   _printf_c.o
        44          0          0          0          0        108   _printf_char.o
        48          6          0          0          0         96   _printf_char_common.o
        40          0          0          0          0         68   _printf_charcount.o
         6          0          0          0          0          0   _printf_d.o
       120         16          0          0          0         92   _printf_dec.o
         6          0          0          0          0          0   _printf_e.o
         6          0          0          0          0          0   _printf_f.o
      1054          0          0          0          0        216   _printf_fp_dec.o
       764          8         38          0          0        100   _printf_fp_hex.o
       128         16          0          0          0         84   _printf_fp_infnan.o
         6          0          0          0          0          0   _printf_g.o
       148          4         40          0          0        160   _printf_hex_int_ll_ptr.o
         6          0          0          0          0          0   _printf_i.o
       178          0          0          0          0         88   _printf_intcommon.o
        10          0          0          0          0          0   _printf_l.o
         6          0          0          0          0          0   _printf_lc.o
        10          0          0          0          0          0   _printf_ll.o
         6          0          0          0          0          0   _printf_lld.o
         6          0          0          0          0          0   _printf_lli.o
         6          0          0          0          0          0   _printf_llo.o
         6          0          0          0          0          0   _printf_llu.o
         6          0          0          0          0          0   _printf_llx.o
       124         16          0          0          0         92   _printf_longlong_dec.o
         6          0          0          0          0          0   _printf_ls.o
         6          0          0          0          0          0   _printf_n.o
         6          0          0          0          0          0   _printf_o.o
       112         10          0          0          0        124   _printf_oct_int_ll.o
         6          0          0          0          0          0   _printf_p.o
        78          0          0          0          0        108   _printf_pad.o
         0          0          0          0          0          0   _printf_percent.o
         4          0          0          0          0          0   _printf_percent_end.o
         6          0          0          0          0          0   _printf_s.o
        82          0          0          0          0         80   _printf_str.o
        36          0          0          0          0         84   _printf_truncate.o
         6          0          0          0          0          0   _printf_u.o
        44          0          0          0          0        108   _printf_wchar.o
       188          6          8          0          0         92   _printf_wctomb.o
         6          0          0          0          0          0   _printf_x.o
        22          0          0          0          0        100   _rserrno.o
       884          4          0          0          0        100   _scanf.o
       332          0          0          0          0         96   _scanf_int.o
       224          0          0          0          0         96   _scanf_str.o
        64          0          0          0          0         84   _sgetc.o
        10          0          0          0          0         68   _sputc.o
        64          0          0          0          0         92   _wcrtomb.o
        16          0          0          0          0         68   aeabi_memset.o
       228          4        148          0          0         96   bigflt0.o
      1936        128          0          0          0        672   btod.o
        18          0          0          0          0         80   exit.o
         6          0          0          0          0        152   heapauxi.o
         0          0          0          0          0          0   indicate_semi.o
        44         10        272          0          0         76   lc_ctype_c.o
        44         10         28          0          0         76   lc_numeric_c.o
         2          0          0          0          0          0   libinit.o
        34          0          0          0          0          0   libinit2.o
         2          0          0          0          0          0   libshutdown.o
         2          0          0          0          0          0   libshutdown2.o
         8          4          0          0         96         68   libspace.o
       138          0          0          0          0         80   lludiv10.o
        16          4          0          0          0         76   rt_ctype_table.o
         8          4          0          0          0         68   rt_errno_addr_intlibspace.o
         8          4          0          0          0         68   rt_locale_intlibspace.o
        68          0          0          0          0         68   rt_memclr.o
        78          0          0          0          0         80   rt_memclr_w.o
       138          0          0          0          0         68   rt_memcpy_v6.o
       100          0          0          0          0         80   rt_memcpy_w.o
         2          0          0          0          0          0   rtexit.o
        10          0          0          0          0          0   rtexit2.o
        44          8          0          0          0         84   scanf_char.o
        44          6          0          0          0         84   sprintf.o
       128          0          0          0          0         68   strcmpv7m.o
        12          4          0          0          0         68   sys_exit.o
        74          0          0          0          0         80   sys_stackheap_outer.o
         2          0          0          0          0         68   use_no_semi.o
        24          0          0          0          0        164   basic.o
       826         16          0          0          0        492   daddsub_clz.o
        16          4          0          0          0        116   dcheck1.o
        24          0          0          0          0        116   dcmpi.o
       688        140          0          0          0        256   ddiv.o
        94          4          0          0          0        140   dfix.o
        90          4          0          0          0        140   dfixu.o
        84          0          0          0          0        232   dflt_clz.o
       120          4          0          0          0        140   dleqf.o
       340         12          0          0          0        152   dmul.o
       156          4          0          0          0        140   dnaninf.o
        12          0          0          0          0        116   dretinf.o
       108          0          0          0          0        128   drleqf.o
       408         56          0          0          0        168   dsqrt_umaal.o
        86          4          0          0          0        132   f2d.o
       140          4          0          0          0        132   fnaninf.o
        10          0          0          0          0        116   fpinit.o
         4          0          0          0          0        116   printf1.o
         4          0          0          0          0        116   printf2.o
       100          0          0          0          0        116   retnan.o
        92          0          0          0          0        116   scalbn.o
        48          0          0          0          0        116   trapv.o
         0          0          0          0          0          0   usenofp.o
       864         94         80          0          0        280   asin.o
       200         20          0          0          0        164   cos.o
       368         46         48          0          0        200   cos_i.o
       184         44          0          0          0        744   dunder.o
        24          0          0          0          0        124   fabs.o
        48          0          0          0          0        124   fpclassify.o
       248          0          0          0          0        152   poly.o
      3152        296        136          0          0        352   pow.o
         0          0          8          0          0          0   qnan.o
      1080        142        200          0          0        188   rred.o
       200         20          0          0          0        164   sin.o
       304         24         40          0          0        208   sin_i.o
       232          0          0          0          0        296   sqrt.o

    ----------------------------------------------------------------------
     25344       1556       1065          4        116     145247   Library Totals
        48          0          2          0          4          0   (incl. Padding)

    ----------------------------------------------------------------------

      Code (inc. data)   RO Data    RW Data    ZI Data      Debug   Library Name

      6042        320          0          4         16     133663   GD32F4.lib
      8876        298        551          0         96       5128   c_w.l
      3474        252          0          0          0       3460   fz_wm.l
      6904        686        512          0          0       2996   m_wm.l

    ----------------------------------------------------------------------
     25344       1556       1065          4        116     145247   Library Totals

    ----------------------------------------------------------------------

==============================================================================


      Code (inc. data)   RO Data    RW Data    ZI Data      Debug   

    113692      13468       2832       1212      93924     805256   Grand Totals
    113692      13468       2832        512      93924     805256   ELF Image Totals (compressed)
    113692      13468       2832        512          0          0   ROM Totals

==============================================================================

    Total RO  Size (Code + RO Data)               116524 ( 113.79kB)
    Total RW  Size (RW Data + ZI Data)             95136 (  92.91kB)
    Total ROM Size (Code + RO Data + RW Data)     117036 ( 114.29kB)

==============================================================================

