<html>
<body>
<pre>
<h1>礦ision Build Log</h1>
<h2>Tool Versions:</h2>
IDE-Version: μVision V5.34.0.0
Copyright (C) 2021 ARM Ltd and ARM Germany GmbH. All rights reserved.
License Information: 123 TCX, 2312, LIC=32B1Q-NQBP4-Y8PFK-Z910Q-EUBXH-B448H
 
Tool Versions:
Toolchain:       MDK-ARM Plus  Version: 5.34.0.0
Toolchain Path:  D:\Keil_v5\ARM\ARMCC\Bin
C Compiler:      Armcc.exe V5.06 update 7 (build 960)
Assembler:       Armasm.exe V5.06 update 7 (build 960)
Linker/Locator:  ArmLink.exe V5.06 update 7 (build 960)
Library Manager: ArmAr.exe V5.06 update 7 (build 960)
Hex Converter:   FromElf.exe V5.06 update 7 (build 960)
CPU DLL:         SARMCM3.DLL V5.34.0.0
Dialog DLL:      DCM.DLL V1.17.3.0
Target DLL:      STLink\ST-LINKIII-KEIL_SWO.dll V3.0.8.0
Dialog DLL:      TCM.DLL V1.48.0.0
 
<h2>Project:</h2>
F:\mooncell\1projects\app\app.uvprojx
Project File Date:  06/10/2024

<h2>Output:</h2>
*** Using Compiler 'V5.06 update 7 (build 960)', folder: 'D:\Keil_v5\ARM\ARMCC\Bin'
Build target 'APP'
compiling gd32f4xx_it.c...
compiling usr_dev.c...
compiling usr_atv.c...
compiling usr_app.c...
compiling main.c...
compiling usr_gpio.c...
compiling usr_handset.c...
compiling usr_fota.c...
compiling usr_flash.c...
compiling usr_comip.c...
compiling usr_gps.c...
compiling usr_printf_stdarg.c...
compiling usr_gsm.c...
compiling usr_ring_buffer.c...
compiling usr_aw.c...
app\src\usr_aw.c(8): warning:  #177-D: variable "g_sendpack"  was declared but never referenced
  static unsigned char g_sendpack[DATALEN+1];				//
app\src\usr_aw.c: 1 warning, 0 errors
compiling usr_hook.c...
compiling usr_stdlib.c...
compiling usr_ibutton.c...
compiling usr_mile.c...
compiling usr_msg.c...
compiling usr_sleep.c...
compiling usr_public.c...
compiling gd32f4xx_hw.c...
compiling usr_rtc.c...
compiling usr_sms.c...
compiling usr_timer.c...
compiling usr_softdog.c...
compiling usr_serialoil.c...
compiling usr_usb.c...
compiling usr_sys.c...
compiling bsp_dwt.c...
compiling bsp_adc.c...
compiling bsp_gpio.c...
compiling drv_usb_core.c...
compiling bsp_iap.c...
compiling bsp_nvic.c...
compiling drv_usb_dev.c...
compiling bsp_spi.c...
compiling drv_usbd_int.c...
compiling bsp_iwdg.c...
compiling croutine.c...
compiling bsp_timer.c...
compiling usbd_core.c...
compiling list.c...
compiling event_groups.c...
compiling bsp_uart.c...
compiling timers.c...
compiling usbd_transc.c...
assembling startup_gd32f407.s...
compiling queue.c...
compiling usbd_enum.c...
compiling heap_4.c...
compiling tasks.c...
compiling port.c...
compiling cdc_acm_core.c...
linking...
Program Size: Code=113692 RO-data=2832 RW-data=1212 ZI-data=93924  
FromELF: creating hex file...
After Build - User command #1: copy.bat
F:\mooncell\1projects\app>mkdir hex 
子目录或文件 hex 已经存在。
F:\mooncell\1projects\app>copy obj\*.hex .\hex\   
obj\app.hex
已复制         1 个文件。
After Build - User command #2: fromelf --bin ".\obj\app.axf" --output ".\hex\new.bin"
".\obj\app.axf" - 0 Error(s), 1 Warning(s).

<h2>Software Packages used:</h2>

Package Vendor: GigaDevice
                http://gd32mcu.com/data/documents/pack/GigaDevice.GD32F4xx_DFP.3.0.0.pack
                GigaDevice.GD32F4xx_DFP.3.0.0
                GigaDevice GD32F4xx Series Device Support and Examples

<h2>Collection of Component include folders:</h2>
  C:\Users\TCX\AppData\Local\Arm\Packs\GigaDevice\GD32F4xx_DFP\3.0.0\Device\F4XX\Include

<h2>Collection of Component Files used:</h2>
Build Time Elapsed:  00:00:03
</pre>
</body>
</html>
